../ThirdParty/FreeRTOS/portable/GCC/ARM_CM7/r0p1/port.c:186:15:pxPortInitialiseStack	24	static
../ThirdParty/FreeRTOS/portable/GCC/ARM_CM7/r0p1/port.c:218:13:prvTaskExitError	16	static,ignoring_inline_asm
../ThirdParty/FreeRTOS/portable/GCC/ARM_CM7/r0p1/port.c:244:6:SVC_Handler	0	static,ignoring_inline_asm
../ThirdParty/FreeRTOS/portable/GCC/ARM_CM7/r0p1/port.c:263:13:prvPortStartFirstTask	0	static,ignoring_inline_asm
../ThirdParty/FreeRTOS/portable/GCC/ARM_CM7/r0p1/port.c:290:12:xPortStartScheduler	8	static
../ThirdParty/FreeRTOS/portable/GCC/ARM_CM7/r0p1/port.c:393:6:vPortEndScheduler	4	static
../ThirdParty/FreeRTOS/portable/GCC/ARM_CM7/r0p1/port.c:401:6:vPortEnterCritical	16	static,ignoring_inline_asm
../ThirdParty/FreeRTOS/portable/GCC/ARM_CM7/r0p1/port.c:418:6:vPortExitCritical	16	static,ignoring_inline_asm
../ThirdParty/FreeRTOS/portable/GCC/ARM_CM7/r0p1/port.c:430:6:PendSV_Handler	0	static,ignoring_inline_asm
../ThirdParty/FreeRTOS/portable/GCC/ARM_CM7/r0p1/port.c:489:6:SysTick_Handler	16	static,ignoring_inline_asm
../ThirdParty/FreeRTOS/portable/GCC/ARM_CM7/r0p1/port.c:734:32:vPortSetupTimerInterrupt	4	static
../ThirdParty/FreeRTOS/portable/GCC/ARM_CM7/r0p1/port.c:756:13:vPortEnableVFP	0	static,ignoring_inline_asm
