Archive member included to satisfy reference by file (symbol)

/home/hojoon/st/stm32cubeide_1.14.0/plugins/com.st.stm32cube.ide.mcu.externaltools.gnu-tools-for-stm32.12.3.rel1.linux64_1.0.100.202403111256/tools/bin/../lib/gcc/arm-none-eabi/12.3.1/../../../../arm-none-eabi/lib/thumb/v7e-m+dp/hard/libc_nano.a(libc_a-exit.o)
                              /home/hojoon/st/stm32cubeide_1.14.0/plugins/com.st.stm32cube.ide.mcu.externaltools.gnu-tools-for-stm32.12.3.rel1.linux64_1.0.100.202403111256/tools/bin/../lib/gcc/arm-none-eabi/12.3.1/../../../../arm-none-eabi/lib/thumb/v7e-m+dp/hard/crt0.o (exit)
/home/hojoon/st/stm32cubeide_1.14.0/plugins/com.st.stm32cube.ide.mcu.externaltools.gnu-tools-for-stm32.12.3.rel1.linux64_1.0.100.202403111256/tools/bin/../lib/gcc/arm-none-eabi/12.3.1/../../../../arm-none-eabi/lib/thumb/v7e-m+dp/hard/libc_nano.a(libc_a-findfp.o)
                              /home/hojoon/st/stm32cubeide_1.14.0/plugins/com.st.stm32cube.ide.mcu.externaltools.gnu-tools-for-stm32.12.3.rel1.linux64_1.0.100.202403111256/tools/bin/../lib/gcc/arm-none-eabi/12.3.1/../../../../arm-none-eabi/lib/thumb/v7e-m+dp/hard/libc_nano.a(libc_a-exit.o) (__stdio_exit_handler)
/home/hojoon/st/stm32cubeide_1.14.0/plugins/com.st.stm32cube.ide.mcu.externaltools.gnu-tools-for-stm32.12.3.rel1.linux64_1.0.100.202403111256/tools/bin/../lib/gcc/arm-none-eabi/12.3.1/../../../../arm-none-eabi/lib/thumb/v7e-m+dp/hard/libc_nano.a(libc_a-fwalk.o)
                              /home/hojoon/st/stm32cubeide_1.14.0/plugins/com.st.stm32cube.ide.mcu.externaltools.gnu-tools-for-stm32.12.3.rel1.linux64_1.0.100.202403111256/tools/bin/../lib/gcc/arm-none-eabi/12.3.1/../../../../arm-none-eabi/lib/thumb/v7e-m+dp/hard/libc_nano.a(libc_a-findfp.o) (_fwalk_sglue)
/home/hojoon/st/stm32cubeide_1.14.0/plugins/com.st.stm32cube.ide.mcu.externaltools.gnu-tools-for-stm32.12.3.rel1.linux64_1.0.100.202403111256/tools/bin/../lib/gcc/arm-none-eabi/12.3.1/../../../../arm-none-eabi/lib/thumb/v7e-m+dp/hard/libc_nano.a(libc_a-sprintf.o)
                              ./ThirdParty/FreeRTOS/tasks.o (sprintf)
/home/hojoon/st/stm32cubeide_1.14.0/plugins/com.st.stm32cube.ide.mcu.externaltools.gnu-tools-for-stm32.12.3.rel1.linux64_1.0.100.202403111256/tools/bin/../lib/gcc/arm-none-eabi/12.3.1/../../../../arm-none-eabi/lib/thumb/v7e-m+dp/hard/libc_nano.a(libc_a-stdio.o)
                              /home/hojoon/st/stm32cubeide_1.14.0/plugins/com.st.stm32cube.ide.mcu.externaltools.gnu-tools-for-stm32.12.3.rel1.linux64_1.0.100.202403111256/tools/bin/../lib/gcc/arm-none-eabi/12.3.1/../../../../arm-none-eabi/lib/thumb/v7e-m+dp/hard/libc_nano.a(libc_a-findfp.o) (__sread)
/home/hojoon/st/stm32cubeide_1.14.0/plugins/com.st.stm32cube.ide.mcu.externaltools.gnu-tools-for-stm32.12.3.rel1.linux64_1.0.100.202403111256/tools/bin/../lib/gcc/arm-none-eabi/12.3.1/../../../../arm-none-eabi/lib/thumb/v7e-m+dp/hard/libc_nano.a(libc_a-memset.o)
                              /home/hojoon/st/stm32cubeide_1.14.0/plugins/com.st.stm32cube.ide.mcu.externaltools.gnu-tools-for-stm32.12.3.rel1.linux64_1.0.100.202403111256/tools/bin/../lib/gcc/arm-none-eabi/12.3.1/../../../../arm-none-eabi/lib/thumb/v7e-m+dp/hard/crt0.o (memset)
/home/hojoon/st/stm32cubeide_1.14.0/plugins/com.st.stm32cube.ide.mcu.externaltools.gnu-tools-for-stm32.12.3.rel1.linux64_1.0.100.202403111256/tools/bin/../lib/gcc/arm-none-eabi/12.3.1/../../../../arm-none-eabi/lib/thumb/v7e-m+dp/hard/libc_nano.a(libc_a-closer.o)
                              /home/hojoon/st/stm32cubeide_1.14.0/plugins/com.st.stm32cube.ide.mcu.externaltools.gnu-tools-for-stm32.12.3.rel1.linux64_1.0.100.202403111256/tools/bin/../lib/gcc/arm-none-eabi/12.3.1/../../../../arm-none-eabi/lib/thumb/v7e-m+dp/hard/libc_nano.a(libc_a-stdio.o) (_close_r)
/home/hojoon/st/stm32cubeide_1.14.0/plugins/com.st.stm32cube.ide.mcu.externaltools.gnu-tools-for-stm32.12.3.rel1.linux64_1.0.100.202403111256/tools/bin/../lib/gcc/arm-none-eabi/12.3.1/../../../../arm-none-eabi/lib/thumb/v7e-m+dp/hard/libc_nano.a(libc_a-reent.o)
                              /home/hojoon/st/stm32cubeide_1.14.0/plugins/com.st.stm32cube.ide.mcu.externaltools.gnu-tools-for-stm32.12.3.rel1.linux64_1.0.100.202403111256/tools/bin/../lib/gcc/arm-none-eabi/12.3.1/../../../../arm-none-eabi/lib/thumb/v7e-m+dp/hard/libc_nano.a(libc_a-closer.o) (errno)
/home/hojoon/st/stm32cubeide_1.14.0/plugins/com.st.stm32cube.ide.mcu.externaltools.gnu-tools-for-stm32.12.3.rel1.linux64_1.0.100.202403111256/tools/bin/../lib/gcc/arm-none-eabi/12.3.1/../../../../arm-none-eabi/lib/thumb/v7e-m+dp/hard/libc_nano.a(libc_a-impure.o)
                              /home/hojoon/st/stm32cubeide_1.14.0/plugins/com.st.stm32cube.ide.mcu.externaltools.gnu-tools-for-stm32.12.3.rel1.linux64_1.0.100.202403111256/tools/bin/../lib/gcc/arm-none-eabi/12.3.1/../../../../arm-none-eabi/lib/thumb/v7e-m+dp/hard/libc_nano.a(libc_a-sprintf.o) (_impure_ptr)
[...]
Memory Configuration

Name             Origin             Length             Attributes
RAM              0x20000000         0x00080000         xrw
FLASH            0x08000000         0x00200000         xr
*default*        0x00000000         0xffffffff

Linker script and memory map

LOAD /home/hojoon/st/stm32cubeide_1.14.0/plugins/com.st.stm32cube.ide.mcu.externaltools.gnu-tools-for-stm32.12.3.rel1.linux64_1.0.100.202403111256/tools/bin/../lib/gcc/arm-none-eabi/12.3.1/thumb/v7e-m+dp/hard/crti.o
LOAD /home/hojoon/st/stm32cubeide_1.14.0/plugins/com.st.stm32cube.ide.mcu.externaltools.gnu-tools-for-stm32.12.3.rel1.linux64_1.0.100.202403111256/tools/bin/../lib/gcc/arm-none-eabi/12.3.1/thumb/v7e-m+dp/hard/crtbegin.o
LOAD /home/hojoon/st/stm32cubeide_1.14.0/plugins/com.st.stm32cube.ide.mcu.externaltools.gnu-tools-for-stm32.12.3.rel1.linux64_1.0.100.202403111256/tools/bin/../lib/gcc/arm-none-eabi/12.3.1/../../../../arm-none-eabi/lib/thumb/v7e-m+dp/hard/crt0.o
LOAD ./Core/Src/main.o
LOAD ./Core/Src/stm32f7xx_hal_msp.o
LOAD ./Core/Src/stm32f7xx_it.o
LOAD ./Core/Src/syscalls.o
LOAD ./Core/Src/system_stm32f7xx.o
LOAD ./Core/Startup/startup_stm32f767zitx.o
LOAD ./Drivers/STM32F7xx_HAL_Driver/Src/stm32f7xx_hal.o
LOAD ./Drivers/STM32F7xx_HAL_Driver/Src/stm32f7xx_hal_cortex.o
LOAD ./Drivers/STM32F7xx_HAL_Driver/Src/stm32f7xx_hal_dma.o
LOAD ./Drivers/STM32F7xx_HAL_Driver/Src/stm32f7xx_hal_dma_ex.o
LOAD ./Drivers/STM32F7xx_HAL_Driver/Src/stm32f7xx_hal_exti.o
LOAD ./Drivers/STM32F7xx_HAL_Driver/Src/stm32f7xx_hal_flash.o
LOAD ./Drivers/STM32F7xx_HAL_Driver/Src/stm32f7xx_hal_flash_ex.o
LOAD ./Drivers/STM32F7xx_HAL_Driver/Src/stm32f7xx_hal_gpio.o
LOAD ./Drivers/STM32F7xx_HAL_Driver/Src/stm32f7xx_hal_i2c.o
LOAD ./Drivers/STM32F7xx_HAL_Driver/Src/stm32f7xx_hal_i2c_ex.o
LOAD ./Drivers/STM32F7xx_HAL_Driver/Src/stm32f7xx_hal_pwr.o
LOAD ./Drivers/STM32F7xx_HAL_Driver/Src/stm32f7xx_hal_pwr_ex.o
LOAD ./Drivers/STM32F7xx_HAL_Driver/Src/stm32f7xx_hal_rcc.o
LOAD ./Drivers/STM32F7xx_HAL_Driver/Src/stm32f7xx_hal_rcc_ex.o
LOAD ./Drivers/STM32F7xx_HAL_Driver/Src/stm32f7xx_hal_tim.o
LOAD ./Drivers/STM32F7xx_HAL_Driver/Src/stm32f7xx_hal_tim_ex.o
LOAD ./ThirdParty/FreeRTOS/croutine.o
LOAD ./ThirdParty/FreeRTOS/event_groups.o
LOAD ./ThirdParty/FreeRTOS/list.o
LOAD ./ThirdParty/FreeRTOS/queue.o
LOAD ./ThirdParty/FreeRTOS/stream_buffer.o
LOAD ./ThirdParty/FreeRTOS/tasks.o
LOAD ./ThirdParty/FreeRTOS/timers.o
LOAD ./ThirdParty/FreeRTOS/portable/GCC/ARM_CM7/r0p1/port.o
LOAD ./ThirdParty/FreeRTOS/portable/MemMang/heap_4.o
START GROUP
LOAD /home/hojoon/st/stm32cubeide_1.14.0/plugins/com.st.stm32cube.ide.mcu.externaltools.gnu-tools-for-stm32.12.3.rel1.linux64_1.0.100.202403111256/tools/bin/../lib/gcc/arm-none-eabi/12.3.1/../../../../arm-none-eabi/lib/thumb/v7e-m+dp/hard/libc_nano.a
LOAD /home/hojoon/st/stm32cubeide_1.14.0/plugins/com.st.stm32cube.ide.mcu.externaltools.gnu-tools-for-stm32.12.3.rel1.linux64_1.0.100.202403111256/tools/bin/../lib/gcc/arm-none-eabi/12.3.1/../../../../arm-none-eabi/lib/thumb/v7e-m+dp/hard/libm.a
END GROUP
START GROUP
LOAD /home/hojoon/st/stm32cubeide_1.14.0/plugins/com.st.stm32cube.ide.mcu.externaltools.gnu-tools-for-stm32.12.3.rel1.linux64_1.0.100.202403111256/tools/bin/../lib/gcc/arm-none-eabi/12.3.1/thumb/v7e-m+dp/hard/libgcc.a
LOAD /home/hojoon/st/stm32cubeide_1.14.0/plugins/com.st.stm32cube.ide.mcu.externaltools.gnu-tools-for-stm32.12.3.rel1.linux64_1.0.100.202403111256/tools/bin/../lib/gcc/arm-none-eabi/12.3.1/../../../../arm-none-eabi/lib/thumb/v7e-m+dp/hard/libc_nano.a
END GROUP
START GROUP
LOAD /home/hojoon/st/stm32cubeide_1.14.0/plugins/com.st.stm32cube.ide.mcu.externaltools.gnu-tools-for-stm32.12.3.rel1.linux64_1.0.100.202403111256/tools/bin/../lib/gcc/arm-none-eabi/12.3.1/thumb/v7e-m+dp/hard/libgcc.a
LOAD /home/hojoon/st/stm32cubeide_1.14.0/plugins/com.st.stm32cube.ide.mcu.externaltools.gnu-tools-for-stm32.12.3.rel1.linux64_1.0.100.202403111256/tools/bin/../lib/gcc/arm-none-eabi/12.3.1/../../../../arm-none-eabi/lib/thumb/v7e-m+dp/hard/libc_nano.a
LOAD /home/hojoon/st/stm32cubeide_1.14.0/plugins/com.st.stm32cube.ide.mcu.externaltools.gnu-tools-for-stm32.12.3.rel1.linux64_1.0.100.202403111256/tools/bin/../lib/gcc/arm-none-eabi/12.3.1/../../../../arm-none-eabi/lib/thumb/v7e-m+dp/hard/libnosys.a
END GROUP
START GROUP
LOAD /home/hojoon/st/stm32cubeide_1.14.0/plugins/com.st.stm32cube.ide.mcu.externaltools.gnu-tools-for-stm32.12.3.rel1.linux64_1.0.100.202403111256/tools/bin/../lib/gcc/arm-none-eabi/12.3.1/thumb/v7e-m+dp/hard/libgcc.a
LOAD /home/hojoon/st/stm32cubeide_1.14.0/plugins/com.st.stm32cube.ide.mcu.externaltools.gnu-tools-for-stm32.12.3.rel1.linux64_1.0.100.202403111256/tools/bin/../lib/gcc/arm-none-eabi/12.3.1/../../../../arm-none-eabi/lib/thumb/v7e-m+dp/hard/libc_nano.a
LOAD /home/hojoon/st/stm32cubeide_1.14.0/plugins/com.st.stm32cube.ide.mcu.externaltools.gnu-tools-for-stm32.12.3.rel1.linux64_1.0.100.202403111256/tools/bin/../lib/gcc/arm-none-eabi/12.3.1/../../../../arm-none-eabi/lib/thumb/v7e-m+dp/hard/libnosys.a
END GROUP
LOAD /home/hojoon/st/stm32cubeide_1.14.0/plugins/com.st.stm32cube.ide.mcu.externaltools.gnu-tools-for-stm32.12.3.rel1.linux64_1.0.100.202403111256/tools/bin/../lib/gcc/arm-none-eabi/12.3.1/thumb/v7e-m+dp/hard/crtend.o
LOAD /home/hojoon/st/stm32cubeide_1.14.0/plugins/com.st.stm32cube.ide.mcu.externaltools.gnu-tools-for-stm32.12.3.rel1.linux64_1.0.100.202403111256/tools/bin/../lib/gcc/arm-none-eabi/12.3.1/thumb/v7e-m+dp/hard/crtn.o
                0x20080000                        _estack = (ORIGIN (RAM) + LENGTH (RAM))
                0x00000200                        _Min_Heap_Size = 0x200
                0x00000400                        _Min_Stack_Size = 0x400

.isr_vector     0x08000000      0x1f8
                0x08000000                        . = ALIGN (0x4)
 *(.isr_vector)
 .isr_vector    0x08000000      0x1f8 ./Core/Startup/startup_stm32f767zitx.o
                0x08000000                g_pfnVectors
                0x080001f8                        . = ALIGN (0x4)

.text           0x08000200     0x1a70
                0x08000200                        . = ALIGN (0x4)
 *(.text)
 .text          0x08000200       0x40 /home/hojoon/st/stm32cubeide_1.14.0/plugins/com.st.stm32cube.ide.mcu.externaltools.gnu-tools-for-stm32.12.3.rel1.linux64_1.0.100.202403111256/tools/bin/../lib/gcc/arm-none-eabi/12.3.1/thumb/v7e-m+dp/hard/crtbegin.o
 .text          0x08000240       0x30 /home/hojoon/st/stm32cubeide_1.14.0/plugins/com.st.stm32cube.ide.mcu.externaltools.gnu-tools-for-stm32.12.3.rel1.linux64_1.0.100.202403111256/tools/bin/../lib/gcc/arm-none-eabi/12.3.1/thumb/v7e-m+dp/hard/libgcc.a(_aeabi_uldivmod.o)
                0x08000240                __aeabi_uldivmod
 .text          0x08000270      0x2bc /home/hojoon/st/stm32cubeide_1.14.0/plugins/com.st.stm32cube.ide.mcu.externaltools.gnu-tools-for-stm32.12.3.rel1.linux64_1.0.100.202403111256/tools/bin/../lib/gcc/arm-none-eabi/12.3.1/thumb/v7e-m+dp/hard/libgcc.a(_udivmoddi4.o)
                0x08000270                __udivmoddi4
 .text          0x0800052c        0x4 /home/hojoon/st/stm32cubeide_1.14.0/plugins/com.st.stm32cube.ide.mcu.externaltools.gnu-tools-for-stm32.12.3.rel1.linux64_1.0.100.202403111256/tools/bin/../lib/gcc/arm-none-eabi/12.3.1/thumb/v7e-m+dp/hard/libgcc.a(_dvmd_tls.o)
                0x0800052c                __aeabi_ldiv0
                0x0800052c                __aeabi_idiv0
 *(.text*)
 .text.main     0x08000530       0x14 ./Core/Src/main.o
                0x08000530                main
 .text.SystemClock_Config
                0x08000544       0xb8 ./Core/Src/main.o
                0x08000544                SystemClock_Config
 .text.MX_GPIO_Init
                0x080005fc      0x22c ./Core/Src/main.o
 .text.Error_Handler
                0x08000828        0xc ./Core/Src/main.o
                0x08000828                Error_Handler
 .text.HAL_MspInit
                0x08000834       0x48 ./Core/Src/stm32f7xx_hal_msp.o
                0x08000834                HAL_MspInit
 .text.NMI_Handler
                0x0800087c        0x8 ./Core/Src/stm32f7xx_it.o
                0x0800087c                NMI_Handler
 .text.HardFault_Handler
                0x08000884        0x8 ./Core/Src/stm32f7xx_it.o
                0x08000884                HardFault_Handler
 .text.MemManage_Handler
                0x0800088c        0x8 ./Core/Src/stm32f7xx_it.o
                0x0800088c                MemManage_Handler
 .text.BusFault_Handler
                0x08000894        0x8 ./Core/Src/stm32f7xx_it.o
                0x08000894                BusFault_Handler
 .text.UsageFault_Handler
                0x0800089c        0x8 ./Core/Src/stm32f7xx_it.o
                0x0800089c                UsageFault_Handler
 .text.DebugMon_Handler
                0x080008a4        0xe ./Core/Src/stm32f7xx_it.o
                0x080008a4                DebugMon_Handler
 *fill*         0x080008b2        0x2 
 .text.SystemInit
                0x080008b4       0x24 ./Core/Src/system_stm32f7xx.o
                0x080008b4                SystemInit
 .text.Reset_Handler
                0x080008d8       0x50 ./Core/Startup/startup_stm32f767zitx.o
                0x080008d8                Reset_Handler
 .text.Default_Handler
                0x08000928        0x2 ./Core/Startup/startup_stm32f767zitx.o
                0x08000928                RTC_Alarm_IRQHandler
                0x08000928                EXTI2_IRQHandler
                0x08000928                TIM8_CC_IRQHandler
                0x08000928                UART8_IRQHandler
                0x08000928                SPI4_IRQHandler
                0x08000928                TIM1_CC_IRQHandler
                0x08000928                DMA2_Stream5_IRQHandler
                0x08000928                JPEG_IRQHandler
                0x08000928                DMA1_Stream5_IRQHandler
                0x08000928                CAN3_RX1_IRQHandler
                0x08000928                PVD_IRQHandler
                0x08000928                TAMP_STAMP_IRQHandler
                0x08000928                CAN2_RX1_IRQHandler
                0x08000928                EXTI3_IRQHandler
                0x08000928                TIM8_TRG_COM_TIM14_IRQHandler
                0x08000928                DFSDM1_FLT1_IRQHandler
                0x08000928                TIM1_UP_TIM10_IRQHandler
                0x08000928                TIM8_UP_TIM13_IRQHandler
                0x08000928                I2C3_ER_IRQHandler
                0x08000928                DFSDM1_FLT2_IRQHandler
                0x08000928                EXTI0_IRQHandler
                0x08000928                I2C2_EV_IRQHandler
                0x08000928                DMA1_Stream2_IRQHandler
                0x08000928                CAN1_RX0_IRQHandler
                0x08000928                FPU_IRQHandler
                0x08000928                OTG_HS_WKUP_IRQHandler
                0x08000928                CAN3_SCE_IRQHandler
                0x08000928                LTDC_ER_IRQHandler
                0x08000928                CAN2_SCE_IRQHandler
                0x08000928                DMA2_Stream2_IRQHandler
                0x08000928                SPI1_IRQHandler
                0x08000928                TIM6_DAC_IRQHandler
                0x08000928                TIM1_BRK_TIM9_IRQHandler
                0x08000928                DCMI_IRQHandler
                0x08000928                CAN2_RX0_IRQHandler
                0x08000928                DMA2_Stream3_IRQHandler
                0x08000928                SAI2_IRQHandler
                0x08000928                DFSDM1_FLT3_IRQHandler
                0x08000928                USART6_IRQHandler
                0x08000928                CAN3_RX0_IRQHandler
                0x08000928                USART3_IRQHandler
                0x08000928                CAN1_RX1_IRQHandler
                0x08000928                UART5_IRQHandler
                0x08000928                DMA2_Stream0_IRQHandler
                0x08000928                TIM4_IRQHandler
                0x08000928                QUADSPI_IRQHandler
                0x08000928                I2C1_EV_IRQHandler
                0x08000928                DMA1_Stream6_IRQHandler
                0x08000928                DMA1_Stream1_IRQHandler
                0x08000928                UART4_IRQHandler
                0x08000928                TIM3_IRQHandler
                0x08000928                RCC_IRQHandler
                0x08000928                TIM8_BRK_TIM12_IRQHandler
                0x08000928                Default_Handler
                0x08000928                CEC_IRQHandler
                0x08000928                EXTI15_10_IRQHandler
                0x08000928                ADC_IRQHandler
                0x08000928                DMA1_Stream7_IRQHandler
                0x08000928                SPI5_IRQHandler
                0x08000928                TIM7_IRQHandler
                0x08000928                SDMMC1_IRQHandler
                0x08000928                CAN2_TX_IRQHandler
                0x08000928                TIM5_IRQHandler
                0x08000928                DMA2_Stream7_IRQHandler
                0x08000928                I2C3_EV_IRQHandler
                0x08000928                EXTI9_5_IRQHandler
                0x08000928                RTC_WKUP_IRQHandler
                0x08000928                LTDC_IRQHandler
                0x08000928                ETH_WKUP_IRQHandler
                0x08000928                SPDIF_RX_IRQHandler
                0x08000928                SPI2_IRQHandler
                0x08000928                OTG_HS_EP1_IN_IRQHandler
                0x08000928                DMA1_Stream0_IRQHandler
                0x08000928                CAN1_TX_IRQHandler
                0x08000928                EXTI4_IRQHandler
                0x08000928                RNG_IRQHandler
                0x08000928                ETH_IRQHandler
                0x08000928                OTG_HS_EP1_OUT_IRQHandler
                0x08000928                WWDG_IRQHandler
                0x08000928                SPI6_IRQHandler
                0x08000928                MDIOS_IRQHandler
                0x08000928                I2C4_EV_IRQHandler
                0x08000928                CAN3_TX_IRQHandler
                0x08000928                TIM2_IRQHandler
                0x08000928                OTG_FS_WKUP_IRQHandler
                0x08000928                TIM1_TRG_COM_TIM11_IRQHandler
                0x08000928                OTG_HS_IRQHandler
                0x08000928                DMA2D_IRQHandler
                0x08000928                EXTI1_IRQHandler
                0x08000928                SDMMC2_IRQHandler
                0x08000928                UART7_IRQHandler
                0x08000928                USART2_IRQHandler
                0x08000928                DFSDM1_FLT0_IRQHandler
                0x08000928                I2C2_ER_IRQHandler
                0x08000928                DMA2_Stream1_IRQHandler
                0x08000928                CAN1_SCE_IRQHandler
                0x08000928                FLASH_IRQHandler
                0x08000928                DMA2_Stream4_IRQHandler
                0x08000928                USART1_IRQHandler
                0x08000928                OTG_FS_IRQHandler
                0x08000928                SPI3_IRQHandler
                0x08000928                DMA1_Stream4_IRQHandler
                0x08000928                I2C1_ER_IRQHandler
                0x08000928                FMC_IRQHandler
                0x08000928                LPTIM1_IRQHandler
                0x08000928                I2C4_ER_IRQHandler
                0x08000928                DMA2_Stream6_IRQHandler
                0x08000928                SAI1_IRQHandler
                0x08000928                DMA1_Stream3_IRQHandler
 .text.HAL_Init
                0x0800092a       0x1a ./Drivers/STM32F7xx_HAL_Driver/Src/stm32f7xx_hal.o
                0x0800092a                HAL_Init
 .text.HAL_InitTick
                0x08000944       0x60 ./Drivers/STM32F7xx_HAL_Driver/Src/stm32f7xx_hal.o
                0x08000944                HAL_InitTick
 .text.HAL_GetTick
                0x080009a4       0x18 ./Drivers/STM32F7xx_HAL_Driver/Src/stm32f7xx_hal.o
                0x080009a4                HAL_GetTick
 .text.__NVIC_SetPriorityGrouping
                0x080009bc       0x48 ./Drivers/STM32F7xx_HAL_Driver/Src/stm32f7xx_hal_cortex.o
 .text.__NVIC_GetPriorityGrouping
                0x08000a04       0x1c ./Drivers/STM32F7xx_HAL_Driver/Src/stm32f7xx_hal_cortex.o
 .text.__NVIC_SetPriority
                0x08000a20       0x54 ./Drivers/STM32F7xx_HAL_Driver/Src/stm32f7xx_hal_cortex.o
 .text.NVIC_EncodePriority
                0x08000a74       0x66 ./Drivers/STM32F7xx_HAL_Driver/Src/stm32f7xx_hal_cortex.o
 *fill*         0x08000ada        0x2 
 .text.SysTick_Config
                0x08000adc       0x44 ./Drivers/STM32F7xx_HAL_Driver/Src/stm32f7xx_hal_cortex.o
 .text.HAL_NVIC_SetPriorityGrouping
                0x08000b20       0x16 ./Drivers/STM32F7xx_HAL_Driver/Src/stm32f7xx_hal_cortex.o
                0x08000b20                HAL_NVIC_SetPriorityGrouping
 .text.HAL_NVIC_SetPriority
                0x08000b36       0x38 ./Drivers/STM32F7xx_HAL_Driver/Src/stm32f7xx_hal_cortex.o
                0x08000b36                HAL_NVIC_SetPriority
 .text.HAL_SYSTICK_Config
                0x08000b6e       0x18 ./Drivers/STM32F7xx_HAL_Driver/Src/stm32f7xx_hal_cortex.o
                0x08000b6e                HAL_SYSTICK_Config
 *fill*         0x08000b86        0x2 
 .text.HAL_GPIO_Init
                0x08000b88      0x358 ./Drivers/STM32F7xx_HAL_Driver/Src/stm32f7xx_hal_gpio.o
                0x08000b88                HAL_GPIO_Init
 .text.HAL_GPIO_WritePin
                0x08000ee0       0x32 ./Drivers/STM32F7xx_HAL_Driver/Src/stm32f7xx_hal_gpio.o
                0x08000ee0                HAL_GPIO_WritePin
 *fill*         0x08000f12        0x2 
 .text.HAL_RCC_OscConfig
                0x08000f14      0x55c ./Drivers/STM32F7xx_HAL_Driver/Src/stm32f7xx_hal_rcc.o
                0x08000f14                HAL_RCC_OscConfig
 .text.HAL_RCC_ClockConfig
                0x08001470      0x1d8 ./Drivers/STM32F7xx_HAL_Driver/Src/stm32f7xx_hal_rcc.o
                0x08001470                HAL_RCC_ClockConfig
 .text.HAL_RCC_GetSysClockFreq
                0x08001648      0x208 ./Drivers/STM32F7xx_HAL_Driver/Src/stm32f7xx_hal_rcc.o
                0x08001648                HAL_RCC_GetSysClockFreq
 .text.xTaskIncrementTick
                0x08001850      0x20c ./ThirdParty/FreeRTOS/tasks.o
                0x08001850                xTaskIncrementTick
 .text.vTaskSwitchContext
                0x08001a5c       0x8c ./ThirdParty/FreeRTOS/tasks.o
                0x08001a5c                vTaskSwitchContext
 .text.prvResetNextTaskUnblockTime
                0x08001ae8       0x38 ./ThirdParty/FreeRTOS/tasks.o
 .text.SVC_Handler
                0x08001b20       0x28 ./ThirdParty/FreeRTOS/portable/GCC/ARM_CM7/r0p1/port.o
                0x08001b20                SVC_Handler
 *fill*         0x08001b48        0x8 
 .text.PendSV_Handler
                0x08001b50       0x68 ./ThirdParty/FreeRTOS/portable/GCC/ARM_CM7/r0p1/port.o
                0x08001b50                PendSV_Handler
 .text.SysTick_Handler
                0x08001bb8       0x48 ./ThirdParty/FreeRTOS/portable/GCC/ARM_CM7/r0p1/port.o
                0x08001bb8                SysTick_Handler
 .text.memset   0x08001c00       0x10 /home/hojoon/st/stm32cubeide_1.14.0/plugins/com.st.stm32cube.ide.mcu.externaltools.gnu-tools-for-stm32.12.3.rel1.linux64_1.0.100.202403111256/tools/bin/../lib/gcc/arm-none-eabi/12.3.1/../../../../arm-none-eabi/lib/thumb/v7e-m+dp/hard/libc_nano.a(libc_a-memset.o)
                0x08001c00                memset
 .text.__libc_init_array
                0x08001c10       0x48 /home/hojoon/st/stm32cubeide_1.14.0/plugins/com.st.stm32cube.ide.mcu.externaltools.gnu-tools-for-stm32.12.3.rel1.linux64_1.0.100.202403111256/tools/bin/../lib/gcc/arm-none-eabi/12.3.1/../../../../arm-none-eabi/lib/thumb/v7e-m+dp/hard/libc_nano.a(libc_a-init.o)
                0x08001c10                __libc_init_array
 *(.glue_7)
 .glue_7        0x08001c58        0x0 linker stubs
 *(.glue_7t)
 .glue_7t       0x08001c58        0x0 linker stubs
 *(.eh_frame)
 .eh_frame      0x08001c58        0x0 /home/hojoon/st/stm32cubeide_1.14.0/plugins/com.st.stm32cube.ide.mcu.externaltools.gnu-tools-for-stm32.12.3.rel1.linux64_1.0.100.202403111256/tools/bin/../lib/gcc/arm-none-eabi/12.3.1/thumb/v7e-m+dp/hard/crtbegin.o
 *(.init)
 .init          0x08001c58        0x4 /home/hojoon/st/stm32cubeide_1.14.0/plugins/com.st.stm32cube.ide.mcu.externaltools.gnu-tools-for-stm32.12.3.rel1.linux64_1.0.100.202403111256/tools/bin/../lib/gcc/arm-none-eabi/12.3.1/thumb/v7e-m+dp/hard/crti.o
                0x08001c58                _init
 .init          0x08001c5c        0x8 /home/hojoon/st/stm32cubeide_1.14.0/plugins/com.st.stm32cube.ide.mcu.externaltools.gnu-tools-for-stm32.12.3.rel1.linux64_1.0.100.202403111256/tools/bin/../lib/gcc/arm-none-eabi/12.3.1/thumb/v7e-m+dp/hard/crtn.o
 *(.fini)
 .fini          0x08001c64        0x4 /home/hojoon/st/stm32cubeide_1.14.0/plugins/com.st.stm32cube.ide.mcu.externaltools.gnu-tools-for-stm32.12.3.rel1.linux64_1.0.100.202403111256/tools/bin/../lib/gcc/arm-none-eabi/12.3.1/thumb/v7e-m+dp/hard/crti.o
                0x08001c64                _fini
 .fini          0x08001c68        0x8 /home/hojoon/st/stm32cubeide_1.14.0/plugins/com.st.stm32cube.ide.mcu.externaltools.gnu-tools-for-stm32.12.3.rel1.linux64_1.0.100.202403111256/tools/bin/../lib/gcc/arm-none-eabi/12.3.1/thumb/v7e-m+dp/hard/crtn.o
                0x08001c70                        . = ALIGN (0x4)
                0x08001c70                        _etext = .

.vfp11_veneer   0x08001c70        0x0
 .vfp11_veneer  0x08001c70        0x0 linker stubs

.v4_bx          0x08001c70        0x0
 .v4_bx         0x08001c70        0x0 linker stubs

.iplt           0x08001c70        0x0
 .iplt          0x08001c70        0x0 /home/hojoon/st/stm32cubeide_1.14.0/plugins/com.st.stm32cube.ide.mcu.externaltools.gnu-tools-for-stm32.12.3.rel1.linux64_1.0.100.202403111256/tools/bin/../lib/gcc/arm-none-eabi/12.3.1/thumb/v7e-m+dp/hard/crtbegin.o

.rodata         0x08001c70       0x10
                0x08001c70                        . = ALIGN (0x4)
 *(.rodata)
 *(.rodata*)
 .rodata.AHBPrescTable
                0x08001c70       0x10 ./Core/Src/system_stm32f7xx.o
                0x08001c70                AHBPrescTable
                0x08001c80                        . = ALIGN (0x4)

.ARM.extab      0x08001c80        0x0
                0x08001c80                        . = ALIGN (0x4)
 *(.ARM.extab* .gnu.linkonce.armextab.*)
                0x08001c80                        . = ALIGN (0x4)

.ARM            0x08001c80        0x8
                0x08001c80                        . = ALIGN (0x4)
                0x08001c80                        __exidx_start = .
 *(.ARM.exidx*)
 .ARM.exidx     0x08001c80        0x8 /home/hojoon/st/stm32cubeide_1.14.0/plugins/com.st.stm32cube.ide.mcu.externaltools.gnu-tools-for-stm32.12.3.rel1.linux64_1.0.100.202403111256/tools/bin/../lib/gcc/arm-none-eabi/12.3.1/thumb/v7e-m+dp/hard/libgcc.a(_udivmoddi4.o)
                0x08001c88                        __exidx_end = .
                0x08001c88                        . = ALIGN (0x4)

.preinit_array  0x08001c88        0x0
                0x08001c88                        . = ALIGN (0x4)
                0x08001c88                        PROVIDE (__preinit_array_start = .)
 *(.preinit_array*)
                0x08001c88                        PROVIDE (__preinit_array_end = .)
                0x08001c88                        . = ALIGN (0x4)

.init_array     0x08001c88        0x4
                0x08001c88                        . = ALIGN (0x4)
                0x08001c88                        PROVIDE (__init_array_start = .)
 *(SORT_BY_NAME(.init_array.*))
 *(.init_array*)
 .init_array    0x08001c88        0x4 /home/hojoon/st/stm32cubeide_1.14.0/plugins/com.st.stm32cube.ide.mcu.externaltools.gnu-tools-for-stm32.12.3.rel1.linux64_1.0.100.202403111256/tools/bin/../lib/gcc/arm-none-eabi/12.3.1/thumb/v7e-m+dp/hard/crtbegin.o
                0x08001c8c                        PROVIDE (__init_array_end = .)
                0x08001c8c                        . = ALIGN (0x4)

.fini_array     0x08001c8c        0x4
                0x08001c8c                        . = ALIGN (0x4)
                [!provide]                        PROVIDE (__fini_array_start = .)
 *(SORT_BY_NAME(.fini_array.*))
 *(.fini_array*)
 .fini_array    0x08001c8c        0x4 /home/hojoon/st/stm32cubeide_1.14.0/plugins/com.st.stm32cube.ide.mcu.externaltools.gnu-tools-for-stm32.12.3.rel1.linux64_1.0.100.202403111256/tools/bin/../lib/gcc/arm-none-eabi/12.3.1/thumb/v7e-m+dp/hard/crtbegin.o
                [!provide]                        PROVIDE (__fini_array_end = .)
                0x08001c90                        . = ALIGN (0x4)
                0x08001c90                        _sidata = LOADADDR (.data)

.rel.dyn        0x08001c90        0x0
 .rel.iplt      0x08001c90        0x0 /home/hojoon/st/stm32cubeide_1.14.0/plugins/com.st.stm32cube.ide.mcu.externaltools.gnu-tools-for-stm32.12.3.rel1.linux64_1.0.100.202403111256/tools/bin/../lib/gcc/arm-none-eabi/12.3.1/thumb/v7e-m+dp/hard/crtbegin.o

.data           0x20000000        0xc load address 0x08001c90
                0x20000000                        . = ALIGN (0x4)
                0x20000000                        _sdata = .
 *(.data)
 *(.data*)
 .data.SystemCoreClock
                0x20000000        0x4 ./Core/Src/system_stm32f7xx.o
                0x20000000                SystemCoreClock
 .data.uwTickPrio
                0x20000004        0x4 ./Drivers/STM32F7xx_HAL_Driver/Src/stm32f7xx_hal.o
                0x20000004                uwTickPrio
 .data.uwTickFreq
                0x20000008        0x1 ./Drivers/STM32F7xx_HAL_Driver/Src/stm32f7xx_hal.o
                0x20000008                uwTickFreq
 *(.RamFunc)
 *(.RamFunc*)
                0x2000000c                        . = ALIGN (0x4)
 *fill*         0x20000009        0x3 
                0x2000000c                        _edata = .

.igot.plt       0x2000000c        0x0 load address 0x08001c9c
 .igot.plt      0x2000000c        0x0 /home/hojoon/st/stm32cubeide_1.14.0/plugins/com.st.stm32cube.ide.mcu.externaltools.gnu-tools-for-stm32.12.3.rel1.linux64_1.0.100.202403111256/tools/bin/../lib/gcc/arm-none-eabi/12.3.1/thumb/v7e-m+dp/hard/crtbegin.o
                0x2000000c                        . = ALIGN (0x4)

.bss            0x2000000c       0xac load address 0x08001c9c
                0x2000000c                        _sbss = .
                0x2000000c                        __bss_start__ = _sbss
 *(.bss)
 .bss           0x2000000c       0x1c /home/hojoon/st/stm32cubeide_1.14.0/plugins/com.st.stm32cube.ide.mcu.externaltools.gnu-tools-for-stm32.12.3.rel1.linux64_1.0.100.202403111256/tools/bin/../lib/gcc/arm-none-eabi/12.3.1/thumb/v7e-m+dp/hard/crtbegin.o
 *(.bss*)
 .bss.uwTick    0x20000028        0x4 ./Drivers/STM32F7xx_HAL_Driver/Src/stm32f7xx_hal.o
                0x20000028                uwTick
 .bss.pxCurrentTCB
                0x2000002c        0x4 ./ThirdParty/FreeRTOS/tasks.o
                0x2000002c                pxCurrentTCB
 .bss.pxReadyTasksLists
                0x20000030       0x64 ./ThirdParty/FreeRTOS/tasks.o
 .bss.pxDelayedTaskList
                0x20000094        0x4 ./ThirdParty/FreeRTOS/tasks.o
 .bss.pxOverflowDelayedTaskList
                0x20000098        0x4 ./ThirdParty/FreeRTOS/tasks.o
 .bss.xTickCount
                0x2000009c        0x4 ./ThirdParty/FreeRTOS/tasks.o
 .bss.uxTopReadyPriority
                0x200000a0        0x4 ./ThirdParty/FreeRTOS/tasks.o
 .bss.xPendedTicks
                0x200000a4        0x4 ./ThirdParty/FreeRTOS/tasks.o
 .bss.xYieldPending
                0x200000a8        0x4 ./ThirdParty/FreeRTOS/tasks.o
 .bss.xNumOfOverflows
                0x200000ac        0x4 ./ThirdParty/FreeRTOS/tasks.o
 .bss.xNextTaskUnblockTime
                0x200000b0        0x4 ./ThirdParty/FreeRTOS/tasks.o
 .bss.uxSchedulerSuspended
                0x200000b4        0x4 ./ThirdParty/FreeRTOS/tasks.o
 *(COMMON)
                0x200000b8                        . = ALIGN (0x4)
                0x200000b8                        _ebss = .
                0x200000b8                        __bss_end__ = _ebss

._user_heap_stack
                0x200000b8      0x600 load address 0x08001c9c
                0x200000b8                        . = ALIGN (0x8)
                0x200000b8                        PROVIDE (end = .)
                [!provide]                        PROVIDE (_end = .)
                0x200002b8                        . = (. + _Min_Heap_Size)
 *fill*         0x200000b8      0x200 
                0x200006b8                        . = (. + _Min_Stack_Size)
 *fill*         0x200002b8      0x400 
                0x200006b8                        . = ALIGN (0x8)

/DISCARD/
 libc.a(*)
 libm.a(*)
 libgcc.a(*)

.ARM.attributes
                0x00000000       0x2e
 *(.ARM.attributes)
 .ARM.attributes
                0x00000000       0x20 /home/hojoon/st/stm32cubeide_1.14.0/plugins/com.st.stm32cube.ide.mcu.externaltools.gnu-tools-for-stm32.12.3.rel1.linux64_1.0.100.202403111256/tools/bin/../lib/gcc/arm-none-eabi/12.3.1/thumb/v7e-m+dp/hard/crti.o
 .ARM.attributes
                0x00000020       0x32 /home/hojoon/st/stm32cubeide_1.14.0/plugins/com.st.stm32cube.ide.mcu.externaltools.gnu-tools-for-stm32.12.3.rel1.linux64_1.0.100.202403111256/tools/bin/../lib/gcc/arm-none-eabi/12.3.1/thumb/v7e-m+dp/hard/crtbegin.o
 .ARM.attributes
                0x00000052       0x32 ./Core/Src/main.o
 .ARM.attributes
                0x00000084       0x32 ./Core/Src/stm32f7xx_hal_msp.o
 .ARM.attributes
                0x000000b6       0x32 ./Core/Src/stm32f7xx_it.o
 .ARM.attributes
                0x000000e8       0x32 ./Core/Src/system_stm32f7xx.o
 .ARM.attributes
                0x0000011a       0x21 ./Core/Startup/startup_stm32f767zitx.o
 .ARM.attributes
                0x0000013b       0x32 ./Drivers/STM32F7xx_HAL_Driver/Src/stm32f7xx_hal.o
 .ARM.attributes
                0x0000016d       0x32 ./Drivers/STM32F7xx_HAL_Driver/Src/stm32f7xx_hal_cortex.o
 .ARM.attributes
                0x0000019f       0x32 ./Drivers/STM32F7xx_HAL_Driver/Src/stm32f7xx_hal_gpio.o
 .ARM.attributes
                0x000001d1       0x32 ./Drivers/STM32F7xx_HAL_Driver/Src/stm32f7xx_hal_rcc.o
 .ARM.attributes
                0x00000203       0x32 ./ThirdParty/FreeRTOS/tasks.o
 .ARM.attributes
                0x00000235       0x32 ./ThirdParty/FreeRTOS/portable/GCC/ARM_CM7/r0p1/port.o
 .ARM.attributes
                0x00000267       0x32 /home/hojoon/st/stm32cubeide_1.14.0/plugins/com.st.stm32cube.ide.mcu.externaltools.gnu-tools-for-stm32.12.3.rel1.linux64_1.0.100.202403111256/tools/bin/../lib/gcc/arm-none-eabi/12.3.1/../../../../arm-none-eabi/lib/thumb/v7e-m+dp/hard/libc_nano.a(libc_a-memset.o)
 .ARM.attributes
                0x00000299       0x32 /home/hojoon/st/stm32cubeide_1.14.0/plugins/com.st.stm32cube.ide.mcu.externaltools.gnu-tools-for-stm32.12.3.rel1.linux64_1.0.100.202403111256/tools/bin/../lib/gcc/arm-none-eabi/12.3.1/../../../../arm-none-eabi/lib/thumb/v7e-m+dp/hard/libc_nano.a(libc_a-init.o)
 .ARM.attributes
                0x000002cb       0x20 /home/hojoon/st/stm32cubeide_1.14.0/plugins/com.st.stm32cube.ide.mcu.externaltools.gnu-tools-for-stm32.12.3.rel1.linux64_1.0.100.202403111256/tools/bin/../lib/gcc/arm-none-eabi/12.3.1/thumb/v7e-m+dp/hard/libgcc.a(_aeabi_uldivmod.o)
 .ARM.attributes
                0x000002eb       0x32 /home/hojoon/st/stm32cubeide_1.14.0/plugins/com.st.stm32cube.ide.mcu.externaltools.gnu-tools-for-stm32.12.3.rel1.linux64_1.0.100.202403111256/tools/bin/../lib/gcc/arm-none-eabi/12.3.1/thumb/v7e-m+dp/hard/libgcc.a(_udivmoddi4.o)
 .ARM.attributes
                0x0000031d       0x20 /home/hojoon/st/stm32cubeide_1.14.0/plugins/com.st.stm32cube.ide.mcu.externaltools.gnu-tools-for-stm32.12.3.rel1.linux64_1.0.100.202403111256/tools/bin/../lib/gcc/arm-none-eabi/12.3.1/thumb/v7e-m+dp/hard/libgcc.a(_dvmd_tls.o)
 .ARM.attributes
                0x0000033d       0x20 /home/hojoon/st/stm32cubeide_1.14.0/plugins/com.st.stm32cube.ide.mcu.externaltools.gnu-tools-for-stm32.12.3.rel1.linux64_1.0.100.202403111256/tools/bin/../lib/gcc/arm-none-eabi/12.3.1/thumb/v7e-m+dp/hard/crtn.o
OUTPUT(FreeRTOS_Projects.elf elf32-littlearm)
LOAD linker stubs
LOAD /home/hojoon/st/stm32cubeide_1.14.0/plugins/com.st.stm32cube.ide.mcu.externaltools.gnu-tools-for-stm32.12.3.rel1.linux64_1.0.100.202403111256/tools/bin/../lib/gcc/arm-none-eabi/12.3.1/../../../../arm-none-eabi/lib/thumb/v7e-m+dp/hard/libc.a
LOAD /home/hojoon/st/stm32cubeide_1.14.0/plugins/com.st.stm32cube.ide.mcu.externaltools.gnu-tools-for-stm32.12.3.rel1.linux64_1.0.100.202403111256/tools/bin/../lib/gcc/arm-none-eabi/12.3.1/../../../../arm-none-eabi/lib/thumb/v7e-m+dp/hard/libm.a
LOAD /home/hojoon/st/stm32cubeide_1.14.0/plugins/com.st.stm32cube.ide.mcu.externaltools.gnu-tools-for-stm32.12.3.rel1.linux64_1.0.100.202403111256/tools/bin/../lib/gcc/arm-none-eabi/12.3.1/thumb/v7e-m+dp/hard/libgcc.a

.debug_info     0x00000000     0x5e4d
 .debug_info    0x00000000      0x710 ./Core/Src/main.o
 .debug_info    0x00000710      0x28d ./Core/Src/stm32f7xx_hal_msp.o
 .debug_info    0x0000099d       0xd8 ./Core/Src/stm32f7xx_it.o
 .debug_info    0x00000a75      0x6ed ./Core/Src/system_stm32f7xx.o
 .debug_info    0x00001162       0x30 ./Core/Startup/startup_stm32f767zitx.o
 .debug_info    0x00001192      0xa4c ./Drivers/STM32F7xx_HAL_Driver/Src/stm32f7xx_hal.o
 .debug_info    0x00001bde      0xf8b ./Drivers/STM32F7xx_HAL_Driver/Src/stm32f7xx_hal_cortex.o
 .debug_info    0x00002b69      0x6f3 ./Drivers/STM32F7xx_HAL_Driver/Src/stm32f7xx_hal_gpio.o
 .debug_info    0x0000325c      0x937 ./Drivers/STM32F7xx_HAL_Driver/Src/stm32f7xx_hal_rcc.o
 .debug_info    0x00003b93     0x1fc3 ./ThirdParty/FreeRTOS/tasks.o
 .debug_info    0x00005b56      0x2f7 ./ThirdParty/FreeRTOS/portable/GCC/ARM_CM7/r0p1/port.o

.debug_abbrev   0x00000000     0x1407
 .debug_abbrev  0x00000000      0x1f6 ./Core/Src/main.o
 .debug_abbrev  0x000001f6       0xd8 ./Core/Src/stm32f7xx_hal_msp.o
 .debug_abbrev  0x000002ce       0x47 ./Core/Src/stm32f7xx_it.o
 .debug_abbrev  0x00000315      0x13b ./Core/Src/system_stm32f7xx.o
 .debug_abbrev  0x00000450       0x24 ./Core/Startup/startup_stm32f767zitx.o
 .debug_abbrev  0x00000474      0x213 ./Drivers/STM32F7xx_HAL_Driver/Src/stm32f7xx_hal.o
 .debug_abbrev  0x00000687      0x329 ./Drivers/STM32F7xx_HAL_Driver/Src/stm32f7xx_hal_cortex.o
 .debug_abbrev  0x000009b0      0x1d4 ./Drivers/STM32F7xx_HAL_Driver/Src/stm32f7xx_hal_gpio.o
 .debug_abbrev  0x00000b84      0x2de ./Drivers/STM32F7xx_HAL_Driver/Src/stm32f7xx_hal_rcc.o
 .debug_abbrev  0x00000e62      0x384 ./ThirdParty/FreeRTOS/tasks.o
 .debug_abbrev  0x000011e6      0x221 ./ThirdParty/FreeRTOS/portable/GCC/ARM_CM7/r0p1/port.o

.debug_aranges  0x00000000      0x678
 .debug_aranges
                0x00000000       0x38 ./Core/Src/main.o
 .debug_aranges
                0x00000038       0x20 ./Core/Src/stm32f7xx_hal_msp.o
 .debug_aranges
                0x00000058       0x48 ./Core/Src/stm32f7xx_it.o
 .debug_aranges
                0x000000a0       0x28 ./Core/Src/system_stm32f7xx.o
 .debug_aranges
                0x000000c8       0x28 ./Core/Startup/startup_stm32f767zitx.o
 .debug_aranges
                0x000000f0      0x110 ./Drivers/STM32F7xx_HAL_Driver/Src/stm32f7xx_hal.o
 .debug_aranges
                0x00000200      0x118 ./Drivers/STM32F7xx_HAL_Driver/Src/stm32f7xx_hal_cortex.o
 .debug_aranges
                0x00000318       0x58 ./Drivers/STM32F7xx_HAL_Driver/Src/stm32f7xx_hal_gpio.o
 .debug_aranges
                0x00000370       0x88 ./Drivers/STM32F7xx_HAL_Driver/Src/stm32f7xx_hal_rcc.o
 .debug_aranges
                0x000003f8      0x208 ./ThirdParty/FreeRTOS/tasks.o
 .debug_aranges
                0x00000600       0x78 ./ThirdParty/FreeRTOS/portable/GCC/ARM_CM7/r0p1/port.o

.debug_rnglists
                0x00000000      0x4ce
 .debug_rnglists
                0x00000000       0x27 ./Core/Src/main.o
 .debug_rnglists
                0x00000027       0x13 ./Core/Src/stm32f7xx_hal_msp.o
 .debug_rnglists
                0x0000003a       0x31 ./Core/Src/stm32f7xx_it.o
 .debug_rnglists
                0x0000006b       0x1a ./Core/Src/system_stm32f7xx.o
 .debug_rnglists
                0x00000085       0x19 ./Core/Startup/startup_stm32f767zitx.o
 .debug_rnglists
                0x0000009e       0xc7 ./Drivers/STM32F7xx_HAL_Driver/Src/stm32f7xx_hal.o
 .debug_rnglists
                0x00000165       0xce ./Drivers/STM32F7xx_HAL_Driver/Src/stm32f7xx_hal_cortex.o
 .debug_rnglists
                0x00000233       0x3f ./Drivers/STM32F7xx_HAL_Driver/Src/stm32f7xx_hal_gpio.o
 .debug_rnglists
                0x00000272       0x67 ./Drivers/STM32F7xx_HAL_Driver/Src/stm32f7xx_hal_rcc.o
 .debug_rnglists
                0x000002d9      0x1a0 ./ThirdParty/FreeRTOS/tasks.o
 .debug_rnglists
                0x00000479       0x55 ./ThirdParty/FreeRTOS/portable/GCC/ARM_CM7/r0p1/port.o

.debug_macro    0x00000000    0x25a64
 .debug_macro   0x00000000      0x1ca ./Core/Src/main.o
 .debug_macro   0x000001ca      0xacc ./Core/Src/main.o
 .debug_macro   0x00000c96      0x287 ./Core/Src/main.o
 .debug_macro   0x00000f1d       0x2e ./Core/Src/main.o
 .debug_macro   0x00000f4b       0x3b ./Core/Src/main.o
 .debug_macro   0x00000f86       0x22 ./Core/Src/main.o
 .debug_macro   0x00000fa8       0x8e ./Core/Src/main.o
 .debug_macro   0x00001036       0x51 ./Core/Src/main.o
 .debug_macro   0x00001087      0x103 ./Core/Src/main.o
 .debug_macro   0x0000118a       0x6a ./Core/Src/main.o
 .debug_macro   0x000011f4      0x1df ./Core/Src/main.o
 .debug_macro   0x000013d3       0x1c ./Core/Src/main.o
 .debug_macro   0x000013ef       0x22 ./Core/Src/main.o
 .debug_macro   0x00001411       0xd9 ./Core/Src/main.o
 .debug_macro   0x000014ea     0x12cd ./Core/Src/main.o
 .debug_macro   0x000027b7      0x11f ./Core/Src/main.o
 .debug_macro   0x000028d6       0x19 ./Core/Src/main.o
 .debug_macro   0x000028ef    0x1aa0d ./Core/Src/main.o
 .debug_macro   0x0001d2fc       0x6d ./Core/Src/main.o
 .debug_macro   0x0001d369     0x3749 ./Core/Src/main.o
 .debug_macro   0x00020ab2      0x189 ./Core/Src/main.o
 .debug_macro   0x00020c3b       0x63 ./Core/Src/main.o
 .debug_macro   0x00020c9e     0x1add ./Core/Src/main.o
 .debug_macro   0x0002277b      0x6c4 ./Core/Src/main.o
 .debug_macro   0x00022e3f      0x18b ./Core/Src/main.o
 .debug_macro   0x00022fca      0x115 ./Core/Src/main.o
 .debug_macro   0x000230df      0x26e ./Core/Src/main.o
 .debug_macro   0x0002334d       0xa5 ./Core/Src/main.o
 .debug_macro   0x000233f2      0x24f ./Core/Src/main.o
 .debug_macro   0x00023641       0x71 ./Core/Src/main.o
 .debug_macro   0x000236b2       0x58 ./Core/Src/main.o
 .debug_macro   0x0002370a      0x236 ./Core/Src/main.o
 .debug_macro   0x00023940      0x14e ./Core/Src/main.o
 .debug_macro   0x00023a8e      0x3db ./Core/Src/main.o
 .debug_macro   0x00023e69       0x12 ./Core/Src/main.o
 .debug_macro   0x00023e7b      0x22c ./Core/Src/main.o
 .debug_macro   0x000240a7       0x61 ./Core/Src/main.o
 .debug_macro   0x00024108       0xa5 ./Core/Src/main.o
 .debug_macro   0x000241ad      0x12e ./Core/Src/main.o
 .debug_macro   0x000242db      0x108 ./Core/Src/main.o
 .debug_macro   0x000243e3       0x35 ./Core/Src/main.o
 .debug_macro   0x00024418      0x15b ./Core/Src/main.o
 .debug_macro   0x00024573      0x13c ./Core/Src/main.o
 .debug_macro   0x000246af      0x1ca ./Core/Src/stm32f7xx_hal_msp.o
 .debug_macro   0x00024879      0x1d4 ./Core/Src/stm32f7xx_it.o
 .debug_macro   0x00024a4d      0x1bb ./Core/Src/system_stm32f7xx.o
 .debug_macro   0x00024c08      0x1df ./Drivers/STM32F7xx_HAL_Driver/Src/stm32f7xx_hal.o
 .debug_macro   0x00024de7      0x1bb ./Drivers/STM32F7xx_HAL_Driver/Src/stm32f7xx_hal_cortex.o
 .debug_macro   0x00024fa2      0x1c1 ./Drivers/STM32F7xx_HAL_Driver/Src/stm32f7xx_hal_gpio.o
 .debug_macro   0x00025163      0x1df ./Drivers/STM32F7xx_HAL_Driver/Src/stm32f7xx_hal_rcc.o
 .debug_macro   0x00025342      0x406 ./ThirdParty/FreeRTOS/tasks.o
 .debug_macro   0x00025748       0x17 ./ThirdParty/FreeRTOS/tasks.o
 .debug_macro   0x0002575f       0x1c ./ThirdParty/FreeRTOS/tasks.o
 .debug_macro   0x0002577b      0x2e9 ./ThirdParty/FreeRTOS/portable/GCC/ARM_CM7/r0p1/port.o

.debug_line     0x00000000     0x736a
 .debug_line    0x00000000      0x7a0 ./Core/Src/main.o
 .debug_line    0x000007a0      0x67a ./Core/Src/stm32f7xx_hal_msp.o
 .debug_line    0x00000e1a      0x6ff ./Core/Src/stm32f7xx_it.o
 .debug_line    0x00001519      0x6fd ./Core/Src/system_stm32f7xx.o
 .debug_line    0x00001c16       0x7a ./Core/Startup/startup_stm32f767zitx.o
 .debug_line    0x00001c90      0x9cd ./Drivers/STM32F7xx_HAL_Driver/Src/stm32f7xx_hal.o
 .debug_line    0x0000265d      0xc15 ./Drivers/STM32F7xx_HAL_Driver/Src/stm32f7xx_hal_cortex.o
 .debug_line    0x00003272      0xb1d ./Drivers/STM32F7xx_HAL_Driver/Src/stm32f7xx_hal_gpio.o
 .debug_line    0x00003d8f      0xdfd ./Drivers/STM32F7xx_HAL_Driver/Src/stm32f7xx_hal_rcc.o
 .debug_line    0x00004b8c     0x1db5 ./ThirdParty/FreeRTOS/tasks.o
 .debug_line    0x00006941      0xa29 ./ThirdParty/FreeRTOS/portable/GCC/ARM_CM7/r0p1/port.o

.debug_str      0x00000000    0xf27fb
 .debug_str     0x00000000    0xe66be ./Core/Src/main.o
                              0xe6da0 (size before relaxing)
 .debug_str     0x000e66be       0x2c ./Core/Src/stm32f7xx_hal_msp.o
                              0xe6b0b (size before relaxing)
 .debug_str     0x000e66ea       0x92 ./Core/Src/stm32f7xx_it.o
                              0xe6a3d (size before relaxing)
 .debug_str     0x000e677c      0x1a4 ./Core/Src/system_stm32f7xx.o
                              0xe679c (size before relaxing)
 .debug_str     0x000e6920       0x44 ./Core/Startup/startup_stm32f767zitx.o
                                 0x8d (size before relaxing)
 .debug_str     0x000e6964      0xaa6 ./Drivers/STM32F7xx_HAL_Driver/Src/stm32f7xx_hal.o
                              0xe71dc (size before relaxing)
 .debug_str     0x000e740a      0x343 ./Drivers/STM32F7xx_HAL_Driver/Src/stm32f7xx_hal_cortex.o
                              0xe718c (size before relaxing)
 .debug_str     0x000e774d      0x11a ./Drivers/STM32F7xx_HAL_Driver/Src/stm32f7xx_hal_gpio.o
                              0xe685a (size before relaxing)
 .debug_str     0x000e7867      0x260 ./Drivers/STM32F7xx_HAL_Driver/Src/stm32f7xx_hal_rcc.o
                              0xe6b17 (size before relaxing)
 .debug_str     0x000e7ac7     0xa68b ./ThirdParty/FreeRTOS/tasks.o
                              0xf0c96 (size before relaxing)
 .debug_str     0x000f2152      0x6a9 ./ThirdParty/FreeRTOS/portable/GCC/ARM_CM7/r0p1/port.o
                              0xebc34 (size before relaxing)

.comment        0x00000000       0x43
 .comment       0x00000000       0x43 ./Core/Src/main.o
                                 0x44 (size before relaxing)
 .comment       0x00000043       0x44 ./Core/Src/stm32f7xx_hal_msp.o
 .comment       0x00000043       0x44 ./Core/Src/stm32f7xx_it.o
 .comment       0x00000043       0x44 ./Core/Src/system_stm32f7xx.o
 .comment       0x00000043       0x44 ./Drivers/STM32F7xx_HAL_Driver/Src/stm32f7xx_hal.o
 .comment       0x00000043       0x44 ./Drivers/STM32F7xx_HAL_Driver/Src/stm32f7xx_hal_cortex.o
 .comment       0x00000043       0x44 ./Drivers/STM32F7xx_HAL_Driver/Src/stm32f7xx_hal_gpio.o
 .comment       0x00000043       0x44 ./Drivers/STM32F7xx_HAL_Driver/Src/stm32f7xx_hal_rcc.o
 .comment       0x00000043       0x44 ./ThirdParty/FreeRTOS/tasks.o
 .comment       0x00000043       0x44 ./ThirdParty/FreeRTOS/portable/GCC/ARM_CM7/r0p1/port.o

.debug_frame    0x00000000     0x18b0
 .debug_frame   0x00000000       0x90 ./Core/Src/main.o
 .debug_frame   0x00000090       0x38 ./Core/Src/stm32f7xx_hal_msp.o
 .debug_frame   0x000000c8       0xa8 ./Core/Src/stm32f7xx_it.o
 .debug_frame   0x00000170       0x58 ./Core/Src/system_stm32f7xx.o
 .debug_frame   0x000001c8      0x3f4 ./Drivers/STM32F7xx_HAL_Driver/Src/stm32f7xx_hal.o
 .debug_frame   0x000005bc      0x498 ./Drivers/STM32F7xx_HAL_Driver/Src/stm32f7xx_hal_cortex.o
 .debug_frame   0x00000a54      0x14c ./Drivers/STM32F7xx_HAL_Driver/Src/stm32f7xx_hal_gpio.o
 .debug_frame   0x00000ba0      0x1f8 ./Drivers/STM32F7xx_HAL_Driver/Src/stm32f7xx_hal_rcc.o
 .debug_frame   0x00000d98      0x8fc ./ThirdParty/FreeRTOS/tasks.o
 .debug_frame   0x00001694      0x170 ./ThirdParty/FreeRTOS/portable/GCC/ARM_CM7/r0p1/port.o
 .debug_frame   0x00001804       0x20 /home/hojoon/st/stm32cubeide_1.14.0/plugins/com.st.stm32cube.ide.mcu.externaltools.gnu-tools-for-stm32.12.3.rel1.linux64_1.0.100.202403111256/tools/bin/../lib/gcc/arm-none-eabi/12.3.1/../../../../arm-none-eabi/lib/thumb/v7e-m+dp/hard/libc_nano.a(libc_a-memset.o)
 .debug_frame   0x00001824       0x2c /home/hojoon/st/stm32cubeide_1.14.0/plugins/com.st.stm32cube.ide.mcu.externaltools.gnu-tools-for-stm32.12.3.rel1.linux64_1.0.100.202403111256/tools/bin/../lib/gcc/arm-none-eabi/12.3.1/../../../../arm-none-eabi/lib/thumb/v7e-m+dp/hard/libc_nano.a(libc_a-init.o)
 .debug_frame   0x00001850       0x2c /home/hojoon/st/stm32cubeide_1.14.0/plugins/com.st.stm32cube.ide.mcu.externaltools.gnu-tools-for-stm32.12.3.rel1.linux64_1.0.100.202403111256/tools/bin/../lib/gcc/arm-none-eabi/12.3.1/thumb/v7e-m+dp/hard/libgcc.a(_aeabi_uldivmod.o)
 .debug_frame   0x0000187c       0x34 /home/hojoon/st/stm32cubeide_1.14.0/plugins/com.st.stm32cube.ide.mcu.externaltools.gnu-tools-for-stm32.12.3.rel1.linux64_1.0.100.202403111256/tools/bin/../lib/gcc/arm-none-eabi/12.3.1/thumb/v7e-m+dp/hard/libgcc.a(_udivmoddi4.o)

.debug_line_str
                0x00000000       0x71
 .debug_line_str
                0x00000000       0x71 ./Core/Startup/startup_stm32f767zitx.o
