Archive member included to satisfy reference by file (symbol)

/home/hojoon/st/stm32cubeide_1.14.0/plugins/com.st.stm32cube.ide.mcu.externaltools.gnu-tools-for-stm32.12.3.rel1.linux64_1.0.100.202403111256/tools/bin/../lib/gcc/arm-none-eabi/12.3.1/../../../../arm-none-eabi/lib/thumb/v7e-m+dp/hard/libc_nano.a(libc_a-exit.o)
                              /home/hojoon/st/stm32cubeide_1.14.0/plugins/com.st.stm32cube.ide.mcu.externaltools.gnu-tools-for-stm32.12.3.rel1.linux64_1.0.100.202403111256/tools/bin/../lib/gcc/arm-none-eabi/12.3.1/../../../../arm-none-eabi/lib/thumb/v7e-m+dp/hard/crt0.o (exit)
/home/hojoon/st/stm32cubeide_1.14.0/plugins/com.st.stm32cube.ide.mcu.externaltools.gnu-tools-for-stm32.12.3.rel1.linux64_1.0.100.202403111256/tools/bin/../lib/gcc/arm-none-eabi/12.3.1/../../../../arm-none-eabi/lib/thumb/v7e-m+dp/hard/libc_nano.a(libc_a-findfp.o)
                              /home/hojoon/st/stm32cubeide_1.14.0/plugins/com.st.stm32cube.ide.mcu.externaltools.gnu-tools-for-stm32.12.3.rel1.linux64_1.0.100.202403111256/tools/bin/../lib/gcc/arm-none-eabi/12.3.1/../../../../arm-none-eabi/lib/thumb/v7e-m+dp/hard/libc_nano.a(libc_a-exit.o) (__stdio_exit_handler)
/home/hojoon/st/stm32cubeide_1.14.0/plugins/com.st.stm32cube.ide.mcu.externaltools.gnu-tools-for-stm32.12.3.rel1.linux64_1.0.100.202403111256/tools/bin/../lib/gcc/arm-none-eabi/12.3.1/../../../../arm-none-eabi/lib/thumb/v7e-m+dp/hard/libc_nano.a(libc_a-fwalk.o)
                              /home/hojoon/st/stm32cubeide_1.14.0/plugins/com.st.stm32cube.ide.mcu.externaltools.gnu-tools-for-stm32.12.3.rel1.linux64_1.0.100.202403111256/tools/bin/../lib/gcc/arm-none-eabi/12.3.1/../../../../arm-none-eabi/lib/thumb/v7e-m+dp/hard/libc_nano.a(libc_a-findfp.o) (_fwalk_sglue)
/home/hojoon/st/stm32cubeide_1.14.0/plugins/com.st.stm32cube.ide.mcu.externaltools.gnu-tools-for-stm32.12.3.rel1.linux64_1.0.100.202403111256/tools/bin/../lib/gcc/arm-none-eabi/12.3.1/../../../../arm-none-eabi/lib/thumb/v7e-m+dp/hard/libc_nano.a(libc_a-puts.o)
                              ./Core/Src/main.o (puts)
/home/hojoon/st/stm32cubeide_1.14.0/plugins/com.st.stm32cube.ide.mcu.externaltools.gnu-tools-for-stm32.12.3.rel1.linux64_1.0.100.202403111256/tools/bin/../lib/gcc/arm-none-eabi/12.3.1/../../../../arm-none-eabi/lib/thumb/v7e-m+dp/hard/libc_nano.a(libc_a-sprintf.o)
                              ./ThirdParty/FreeRTOS/tasks.o (sprintf)
/home/hojoon/st/stm32cubeide_1.14.0/plugins/com.st.stm32cube.ide.mcu.externaltools.gnu-tools-for-stm32.12.3.rel1.linux64_1.0.100.202403111256/tools/bin/../lib/gcc/arm-none-eabi/12.3.1/../../../../arm-none-eabi/lib/thumb/v7e-m+dp/hard/libc_nano.a(libc_a-stdio.o)
                              /home/hojoon/st/stm32cubeide_1.14.0/plugins/com.st.stm32cube.ide.mcu.externaltools.gnu-tools-for-stm32.12.3.rel1.linux64_1.0.100.202403111256/tools/bin/../lib/gcc/arm-none-eabi/12.3.1/../../../../arm-none-eabi/lib/thumb/v7e-m+dp/hard/libc_nano.a(libc_a-findfp.o) (__sread)
/home/hojoon/st/stm32cubeide_1.14.0/plugins/com.st.stm32cube.ide.mcu.externaltools.gnu-tools-for-stm32.12.3.rel1.linux64_1.0.100.202403111256/tools/bin/../lib/gcc/arm-none-eabi/12.3.1/../../../../arm-none-eabi/lib/thumb/v7e-m+dp/hard/libc_nano.a(libc_a-wbuf.o)
                              /home/hojoon/st/stm32cubeide_1.14.0/plugins/com.st.stm32cube.ide.mcu.externaltools.gnu-tools-for-stm32.12.3.rel1.linux64_1.0.100.202403111256/tools/bin/../lib/gcc/arm-none-eabi/12.3.1/../../../../arm-none-eabi/lib/thumb/v7e-m+dp/hard/libc_nano.a(libc_a-puts.o) (__swbuf_r)
/home/hojoon/st/stm32cubeide_1.14.0/plugins/com.st.stm32cube.ide.mcu.externaltools.gnu-tools-for-stm32.12.3.rel1.linux64_1.0.100.202403111256/tools/bin/../lib/gcc/arm-none-eabi/12.3.1/../../../../arm-none-eabi/lib/thumb/v7e-m+dp/hard/libc_nano.a(libc_a-wsetup.o)
                              /home/hojoon/st/stm32cubeide_1.14.0/plugins/com.st.stm32cube.ide.mcu.externaltools.gnu-tools-for-stm32.12.3.rel1.linux64_1.0.100.202403111256/tools/bin/../lib/gcc/arm-none-eabi/12.3.1/../../../../arm-none-eabi/lib/thumb/v7e-m+dp/hard/libc_nano.a(libc_a-puts.o) (__swsetup_r)
/home/hojoon/st/stm32cubeide_1.14.0/plugins/com.st.stm32cube.ide.mcu.externaltools.gnu-tools-for-stm32.12.3.rel1.linux64_1.0.100.202403111256/tools/bin/../lib/gcc/arm-none-eabi/12.3.1/../../../../arm-none-eabi/lib/thumb/v7e-m+dp/hard/libc_nano.a(libc_a-memset.o)
                              /home/hojoon/st/stm32cubeide_1.14.0/plugins/com.st.stm32cube.ide.mcu.externaltools.gnu-tools-for-stm32.12.3.rel1.linux64_1.0.100.202403111256/tools/bin/../lib/gcc/arm-none-eabi/12.3.1/../../../../arm-none-eabi/lib/thumb/v7e-m+dp/hard/crt0.o (memset)
/home/hojoon/st/stm32cubeide_1.14.0/plugins/com.st.stm32cube.ide.mcu.externaltools.gnu-tools-for-stm32.12.3.rel1.linux64_1.0.100.202403111256/tools/bin/../lib/gcc/arm-none-eabi/12.3.1/../../../../arm-none-eabi/lib/thumb/v7e-m+dp/hard/libc_nano.a(libc_a-closer.o)
[...]
Memory Configuration

Name             Origin             Length             Attributes
RAM              0x20000000         0x00080000         xrw
FLASH            0x08000000         0x00200000         xr
*default*        0x00000000         0xffffffff

Linker script and memory map

LOAD /home/hojoon/st/stm32cubeide_1.14.0/plugins/com.st.stm32cube.ide.mcu.externaltools.gnu-tools-for-stm32.12.3.rel1.linux64_1.0.100.202403111256/tools/bin/../lib/gcc/arm-none-eabi/12.3.1/thumb/v7e-m+dp/hard/crti.o
LOAD /home/hojoon/st/stm32cubeide_1.14.0/plugins/com.st.stm32cube.ide.mcu.externaltools.gnu-tools-for-stm32.12.3.rel1.linux64_1.0.100.202403111256/tools/bin/../lib/gcc/arm-none-eabi/12.3.1/thumb/v7e-m+dp/hard/crtbegin.o
LOAD /home/hojoon/st/stm32cubeide_1.14.0/plugins/com.st.stm32cube.ide.mcu.externaltools.gnu-tools-for-stm32.12.3.rel1.linux64_1.0.100.202403111256/tools/bin/../lib/gcc/arm-none-eabi/12.3.1/../../../../arm-none-eabi/lib/thumb/v7e-m+dp/hard/crt0.o
LOAD ./Core/Src/main.o
LOAD ./Core/Src/stm32f7xx_hal_msp.o
LOAD ./Core/Src/stm32f7xx_hal_timebase_tim.o
LOAD ./Core/Src/stm32f7xx_it.o
LOAD ./Core/Src/syscalls.o
LOAD ./Core/Src/system_stm32f7xx.o
LOAD ./Core/Startup/startup_stm32f767zitx.o
LOAD ./Drivers/STM32F7xx_HAL_Driver/Src/stm32f7xx_hal.o
LOAD ./Drivers/STM32F7xx_HAL_Driver/Src/stm32f7xx_hal_cortex.o
LOAD ./Drivers/STM32F7xx_HAL_Driver/Src/stm32f7xx_hal_dma.o
LOAD ./Drivers/STM32F7xx_HAL_Driver/Src/stm32f7xx_hal_dma_ex.o
LOAD ./Drivers/STM32F7xx_HAL_Driver/Src/stm32f7xx_hal_exti.o
LOAD ./Drivers/STM32F7xx_HAL_Driver/Src/stm32f7xx_hal_flash.o
LOAD ./Drivers/STM32F7xx_HAL_Driver/Src/stm32f7xx_hal_flash_ex.o
LOAD ./Drivers/STM32F7xx_HAL_Driver/Src/stm32f7xx_hal_gpio.o
LOAD ./Drivers/STM32F7xx_HAL_Driver/Src/stm32f7xx_hal_i2c.o
LOAD ./Drivers/STM32F7xx_HAL_Driver/Src/stm32f7xx_hal_i2c_ex.o
LOAD ./Drivers/STM32F7xx_HAL_Driver/Src/stm32f7xx_hal_pwr.o
LOAD ./Drivers/STM32F7xx_HAL_Driver/Src/stm32f7xx_hal_pwr_ex.o
LOAD ./Drivers/STM32F7xx_HAL_Driver/Src/stm32f7xx_hal_rcc.o
LOAD ./Drivers/STM32F7xx_HAL_Driver/Src/stm32f7xx_hal_rcc_ex.o
LOAD ./Drivers/STM32F7xx_HAL_Driver/Src/stm32f7xx_hal_tim.o
LOAD ./Drivers/STM32F7xx_HAL_Driver/Src/stm32f7xx_hal_tim_ex.o
LOAD ./ThirdParty/FreeRTOS/croutine.o
LOAD ./ThirdParty/FreeRTOS/event_groups.o
LOAD ./ThirdParty/FreeRTOS/list.o
LOAD ./ThirdParty/FreeRTOS/queue.o
LOAD ./ThirdParty/FreeRTOS/stream_buffer.o
LOAD ./ThirdParty/FreeRTOS/tasks.o
LOAD ./ThirdParty/FreeRTOS/timers.o
LOAD ./ThirdParty/FreeRTOS/portable/GCC/ARM_CM7/r0p1/port.o
LOAD ./ThirdParty/FreeRTOS/portable/MemMang/heap_4.o
START GROUP
LOAD /home/hojoon/st/stm32cubeide_1.14.0/plugins/com.st.stm32cube.ide.mcu.externaltools.gnu-tools-for-stm32.12.3.rel1.linux64_1.0.100.202403111256/tools/bin/../lib/gcc/arm-none-eabi/12.3.1/../../../../arm-none-eabi/lib/thumb/v7e-m+dp/hard/libc_nano.a
LOAD /home/hojoon/st/stm32cubeide_1.14.0/plugins/com.st.stm32cube.ide.mcu.externaltools.gnu-tools-for-stm32.12.3.rel1.linux64_1.0.100.202403111256/tools/bin/../lib/gcc/arm-none-eabi/12.3.1/../../../../arm-none-eabi/lib/thumb/v7e-m+dp/hard/libm.a
END GROUP
START GROUP
LOAD /home/hojoon/st/stm32cubeide_1.14.0/plugins/com.st.stm32cube.ide.mcu.externaltools.gnu-tools-for-stm32.12.3.rel1.linux64_1.0.100.202403111256/tools/bin/../lib/gcc/arm-none-eabi/12.3.1/thumb/v7e-m+dp/hard/libgcc.a
LOAD /home/hojoon/st/stm32cubeide_1.14.0/plugins/com.st.stm32cube.ide.mcu.externaltools.gnu-tools-for-stm32.12.3.rel1.linux64_1.0.100.202403111256/tools/bin/../lib/gcc/arm-none-eabi/12.3.1/../../../../arm-none-eabi/lib/thumb/v7e-m+dp/hard/libc_nano.a
END GROUP
START GROUP
LOAD /home/hojoon/st/stm32cubeide_1.14.0/plugins/com.st.stm32cube.ide.mcu.externaltools.gnu-tools-for-stm32.12.3.rel1.linux64_1.0.100.202403111256/tools/bin/../lib/gcc/arm-none-eabi/12.3.1/thumb/v7e-m+dp/hard/libgcc.a
LOAD /home/hojoon/st/stm32cubeide_1.14.0/plugins/com.st.stm32cube.ide.mcu.externaltools.gnu-tools-for-stm32.12.3.rel1.linux64_1.0.100.202403111256/tools/bin/../lib/gcc/arm-none-eabi/12.3.1/../../../../arm-none-eabi/lib/thumb/v7e-m+dp/hard/libc_nano.a
LOAD /home/hojoon/st/stm32cubeide_1.14.0/plugins/com.st.stm32cube.ide.mcu.externaltools.gnu-tools-for-stm32.12.3.rel1.linux64_1.0.100.202403111256/tools/bin/../lib/gcc/arm-none-eabi/12.3.1/../../../../arm-none-eabi/lib/thumb/v7e-m+dp/hard/libnosys.a
END GROUP
START GROUP
LOAD /home/hojoon/st/stm32cubeide_1.14.0/plugins/com.st.stm32cube.ide.mcu.externaltools.gnu-tools-for-stm32.12.3.rel1.linux64_1.0.100.202403111256/tools/bin/../lib/gcc/arm-none-eabi/12.3.1/thumb/v7e-m+dp/hard/libgcc.a
LOAD /home/hojoon/st/stm32cubeide_1.14.0/plugins/com.st.stm32cube.ide.mcu.externaltools.gnu-tools-for-stm32.12.3.rel1.linux64_1.0.100.202403111256/tools/bin/../lib/gcc/arm-none-eabi/12.3.1/../../../../arm-none-eabi/lib/thumb/v7e-m+dp/hard/libc_nano.a
LOAD /home/hojoon/st/stm32cubeide_1.14.0/plugins/com.st.stm32cube.ide.mcu.externaltools.gnu-tools-for-stm32.12.3.rel1.linux64_1.0.100.202403111256/tools/bin/../lib/gcc/arm-none-eabi/12.3.1/../../../../arm-none-eabi/lib/thumb/v7e-m+dp/hard/libnosys.a
END GROUP
LOAD /home/hojoon/st/stm32cubeide_1.14.0/plugins/com.st.stm32cube.ide.mcu.externaltools.gnu-tools-for-stm32.12.3.rel1.linux64_1.0.100.202403111256/tools/bin/../lib/gcc/arm-none-eabi/12.3.1/thumb/v7e-m+dp/hard/crtend.o
LOAD /home/hojoon/st/stm32cubeide_1.14.0/plugins/com.st.stm32cube.ide.mcu.externaltools.gnu-tools-for-stm32.12.3.rel1.linux64_1.0.100.202403111256/tools/bin/../lib/gcc/arm-none-eabi/12.3.1/thumb/v7e-m+dp/hard/crtn.o
                0x20080000                        _estack = (ORIGIN (RAM) + LENGTH (RAM))
                0x00000200                        _Min_Heap_Size = 0x200
                0x00000400                        _Min_Stack_Size = 0x400

.isr_vector     0x08000000      0x1f8
                0x08000000                        . = ALIGN (0x4)
 *(.isr_vector)
 .isr_vector    0x08000000      0x1f8 ./Core/Startup/startup_stm32f767zitx.o
                0x08000000                g_pfnVectors
                0x080001f8                        . = ALIGN (0x4)

.text           0x08000200     0x4fcc
                0x08000200                        . = ALIGN (0x4)
 *(.text)
 .text          0x08000200       0x40 /home/hojoon/st/stm32cubeide_1.14.0/plugins/com.st.stm32cube.ide.mcu.externaltools.gnu-tools-for-stm32.12.3.rel1.linux64_1.0.100.202403111256/tools/bin/../lib/gcc/arm-none-eabi/12.3.1/thumb/v7e-m+dp/hard/crtbegin.o
 .text          0x08000240       0x30 /home/hojoon/st/stm32cubeide_1.14.0/plugins/com.st.stm32cube.ide.mcu.externaltools.gnu-tools-for-stm32.12.3.rel1.linux64_1.0.100.202403111256/tools/bin/../lib/gcc/arm-none-eabi/12.3.1/thumb/v7e-m+dp/hard/libgcc.a(_aeabi_uldivmod.o)
                0x08000240                __aeabi_uldivmod
 .text          0x08000270      0x2bc /home/hojoon/st/stm32cubeide_1.14.0/plugins/com.st.stm32cube.ide.mcu.externaltools.gnu-tools-for-stm32.12.3.rel1.linux64_1.0.100.202403111256/tools/bin/../lib/gcc/arm-none-eabi/12.3.1/thumb/v7e-m+dp/hard/libgcc.a(_udivmoddi4.o)
                0x08000270                __udivmoddi4
 .text          0x0800052c        0x4 /home/hojoon/st/stm32cubeide_1.14.0/plugins/com.st.stm32cube.ide.mcu.externaltools.gnu-tools-for-stm32.12.3.rel1.linux64_1.0.100.202403111256/tools/bin/../lib/gcc/arm-none-eabi/12.3.1/thumb/v7e-m+dp/hard/libgcc.a(_dvmd_tls.o)
                0x0800052c                __aeabi_ldiv0
                0x0800052c                __aeabi_idiv0
 *(.text*)
 .text.main     0x08000530       0xa4 ./Core/Src/main.o
                0x08000530                main
 .text.SystemClock_Config
                0x080005d4       0xb8 ./Core/Src/main.o
                0x080005d4                SystemClock_Config
 .text.MX_GPIO_Init
                0x0800068c      0x22c ./Core/Src/main.o
 .text.task1_handler
                0x080008b8       0x10 ./Core/Src/main.o
 .text.task2_handler
                0x080008c8       0x10 ./Core/Src/main.o
 .text.HAL_TIM_PeriodElapsedCallback
                0x080008d8       0x24 ./Core/Src/main.o
                0x080008d8                HAL_TIM_PeriodElapsedCallback
 .text.Error_Handler
                0x080008fc        0xc ./Core/Src/main.o
                0x080008fc                Error_Handler
 .text.HAL_MspInit
                0x08000908       0x48 ./Core/Src/stm32f7xx_hal_msp.o
                0x08000908                HAL_MspInit
 .text.HAL_InitTick
                0x08000950       0xf4 ./Core/Src/stm32f7xx_hal_timebase_tim.o
                0x08000950                HAL_InitTick
 .text.NMI_Handler
                0x08000a44        0x8 ./Core/Src/stm32f7xx_it.o
                0x08000a44                NMI_Handler
 .text.HardFault_Handler
                0x08000a4c        0x8 ./Core/Src/stm32f7xx_it.o
                0x08000a4c                HardFault_Handler
 .text.MemManage_Handler
                0x08000a54        0x8 ./Core/Src/stm32f7xx_it.o
                0x08000a54                MemManage_Handler
 .text.BusFault_Handler
                0x08000a5c        0x8 ./Core/Src/stm32f7xx_it.o
                0x08000a5c                BusFault_Handler
 .text.UsageFault_Handler
                0x08000a64        0x8 ./Core/Src/stm32f7xx_it.o
                0x08000a64                UsageFault_Handler
 .text.DebugMon_Handler
                0x08000a6c        0xe ./Core/Src/stm32f7xx_it.o
                0x08000a6c                DebugMon_Handler
 *fill*         0x08000a7a        0x2 
 .text.TIM6_DAC_IRQHandler
                0x08000a7c       0x14 ./Core/Src/stm32f7xx_it.o
                0x08000a7c                TIM6_DAC_IRQHandler
 .text.ITM_SendChar
                0x08000a90       0x50 ./Core/Src/syscalls.o
                0x08000a90                ITM_SendChar
 .text._read    0x08000ae0       0x3a ./Core/Src/syscalls.o
                0x08000ae0                _read
 .text._write   0x08000b1a       0x38 ./Core/Src/syscalls.o
                0x08000b1a                _write
 .text._close   0x08000b52       0x18 ./Core/Src/syscalls.o
                0x08000b52                _close
 .text._fstat   0x08000b6a       0x20 ./Core/Src/syscalls.o
                0x08000b6a                _fstat
 .text._isatty  0x08000b8a       0x16 ./Core/Src/syscalls.o
                0x08000b8a                _isatty
 .text._lseek   0x08000ba0       0x1a ./Core/Src/syscalls.o
                0x08000ba0                _lseek
 *fill*         0x08000bba        0x2 
 .text.SystemInit
                0x08000bbc       0x24 ./Core/Src/system_stm32f7xx.o
                0x08000bbc                SystemInit
 .text.Reset_Handler
                0x08000be0       0x50 ./Core/Startup/startup_stm32f767zitx.o
                0x08000be0                Reset_Handler
 .text.Default_Handler
                0x08000c30        0x2 ./Core/Startup/startup_stm32f767zitx.o
                0x08000c30                RTC_Alarm_IRQHandler
                0x08000c30                EXTI2_IRQHandler
                0x08000c30                TIM8_CC_IRQHandler
                0x08000c30                UART8_IRQHandler
                0x08000c30                SPI4_IRQHandler
                0x08000c30                TIM1_CC_IRQHandler
                0x08000c30                DMA2_Stream5_IRQHandler
                0x08000c30                JPEG_IRQHandler
                0x08000c30                DMA1_Stream5_IRQHandler
                0x08000c30                CAN3_RX1_IRQHandler
                0x08000c30                PVD_IRQHandler
                0x08000c30                TAMP_STAMP_IRQHandler
                0x08000c30                CAN2_RX1_IRQHandler
                0x08000c30                EXTI3_IRQHandler
                0x08000c30                TIM8_TRG_COM_TIM14_IRQHandler
                0x08000c30                DFSDM1_FLT1_IRQHandler
                0x08000c30                TIM1_UP_TIM10_IRQHandler
                0x08000c30                TIM8_UP_TIM13_IRQHandler
                0x08000c30                I2C3_ER_IRQHandler
                0x08000c30                DFSDM1_FLT2_IRQHandler
                0x08000c30                EXTI0_IRQHandler
                0x08000c30                I2C2_EV_IRQHandler
                0x08000c30                DMA1_Stream2_IRQHandler
                0x08000c30                CAN1_RX0_IRQHandler
                0x08000c30                FPU_IRQHandler
                0x08000c30                OTG_HS_WKUP_IRQHandler
                0x08000c30                CAN3_SCE_IRQHandler
                0x08000c30                LTDC_ER_IRQHandler
                0x08000c30                CAN2_SCE_IRQHandler
                0x08000c30                DMA2_Stream2_IRQHandler
                0x08000c30                SPI1_IRQHandler
                0x08000c30                TIM1_BRK_TIM9_IRQHandler
                0x08000c30                DCMI_IRQHandler
                0x08000c30                CAN2_RX0_IRQHandler
                0x08000c30                DMA2_Stream3_IRQHandler
                0x08000c30                SAI2_IRQHandler
                0x08000c30                DFSDM1_FLT3_IRQHandler
                0x08000c30                USART6_IRQHandler
                0x08000c30                CAN3_RX0_IRQHandler
                0x08000c30                USART3_IRQHandler
                0x08000c30                CAN1_RX1_IRQHandler
                0x08000c30                UART5_IRQHandler
                0x08000c30                DMA2_Stream0_IRQHandler
                0x08000c30                TIM4_IRQHandler
                0x08000c30                QUADSPI_IRQHandler
                0x08000c30                I2C1_EV_IRQHandler
                0x08000c30                DMA1_Stream6_IRQHandler
                0x08000c30                DMA1_Stream1_IRQHandler
                0x08000c30                UART4_IRQHandler
                0x08000c30                TIM3_IRQHandler
                0x08000c30                RCC_IRQHandler
                0x08000c30                TIM8_BRK_TIM12_IRQHandler
                0x08000c30                Default_Handler
                0x08000c30                CEC_IRQHandler
                0x08000c30                EXTI15_10_IRQHandler
                0x08000c30                ADC_IRQHandler
                0x08000c30                DMA1_Stream7_IRQHandler
                0x08000c30                SPI5_IRQHandler
                0x08000c30                TIM7_IRQHandler
                0x08000c30                SDMMC1_IRQHandler
                0x08000c30                CAN2_TX_IRQHandler
                0x08000c30                TIM5_IRQHandler
                0x08000c30                DMA2_Stream7_IRQHandler
                0x08000c30                I2C3_EV_IRQHandler
                0x08000c30                EXTI9_5_IRQHandler
                0x08000c30                RTC_WKUP_IRQHandler
                0x08000c30                LTDC_IRQHandler
                0x08000c30                ETH_WKUP_IRQHandler
                0x08000c30                SPDIF_RX_IRQHandler
                0x08000c30                SPI2_IRQHandler
                0x08000c30                OTG_HS_EP1_IN_IRQHandler
                0x08000c30                DMA1_Stream0_IRQHandler
                0x08000c30                CAN1_TX_IRQHandler
                0x08000c30                EXTI4_IRQHandler
                0x08000c30                RNG_IRQHandler
                0x08000c30                ETH_IRQHandler
                0x08000c30                OTG_HS_EP1_OUT_IRQHandler
                0x08000c30                WWDG_IRQHandler
                0x08000c30                SPI6_IRQHandler
                0x08000c30                MDIOS_IRQHandler
                0x08000c30                I2C4_EV_IRQHandler
                0x08000c30                CAN3_TX_IRQHandler
                0x08000c30                TIM2_IRQHandler
                0x08000c30                OTG_FS_WKUP_IRQHandler
                0x08000c30                TIM1_TRG_COM_TIM11_IRQHandler
                0x08000c30                OTG_HS_IRQHandler
                0x08000c30                DMA2D_IRQHandler
                0x08000c30                EXTI1_IRQHandler
                0x08000c30                SDMMC2_IRQHandler
                0x08000c30                UART7_IRQHandler
                0x08000c30                USART2_IRQHandler
                0x08000c30                DFSDM1_FLT0_IRQHandler
                0x08000c30                I2C2_ER_IRQHandler
                0x08000c30                DMA2_Stream1_IRQHandler
                0x08000c30                CAN1_SCE_IRQHandler
                0x08000c30                FLASH_IRQHandler
                0x08000c30                DMA2_Stream4_IRQHandler
                0x08000c30                USART1_IRQHandler
                0x08000c30                OTG_FS_IRQHandler
                0x08000c30                SPI3_IRQHandler
                0x08000c30                DMA1_Stream4_IRQHandler
                0x08000c30                I2C1_ER_IRQHandler
                0x08000c30                FMC_IRQHandler
                0x08000c30                LPTIM1_IRQHandler
                0x08000c30                I2C4_ER_IRQHandler
                0x08000c30                DMA2_Stream6_IRQHandler
                0x08000c30                SAI1_IRQHandler
                0x08000c30                DMA1_Stream3_IRQHandler
 .text.HAL_Init
                0x08000c32       0x1a ./Drivers/STM32F7xx_HAL_Driver/Src/stm32f7xx_hal.o
                0x08000c32                HAL_Init
 .text.HAL_IncTick
                0x08000c4c       0x28 ./Drivers/STM32F7xx_HAL_Driver/Src/stm32f7xx_hal.o
                0x08000c4c                HAL_IncTick
 .text.HAL_GetTick
                0x08000c74       0x18 ./Drivers/STM32F7xx_HAL_Driver/Src/stm32f7xx_hal.o
                0x08000c74                HAL_GetTick
 .text.__NVIC_SetPriorityGrouping
                0x08000c8c       0x48 ./Drivers/STM32F7xx_HAL_Driver/Src/stm32f7xx_hal_cortex.o
 .text.__NVIC_GetPriorityGrouping
                0x08000cd4       0x1c ./Drivers/STM32F7xx_HAL_Driver/Src/stm32f7xx_hal_cortex.o
 .text.__NVIC_EnableIRQ
                0x08000cf0       0x3c ./Drivers/STM32F7xx_HAL_Driver/Src/stm32f7xx_hal_cortex.o
 .text.__NVIC_SetPriority
                0x08000d2c       0x54 ./Drivers/STM32F7xx_HAL_Driver/Src/stm32f7xx_hal_cortex.o
 .text.NVIC_EncodePriority
                0x08000d80       0x66 ./Drivers/STM32F7xx_HAL_Driver/Src/stm32f7xx_hal_cortex.o
 .text.HAL_NVIC_SetPriorityGrouping
                0x08000de6       0x16 ./Drivers/STM32F7xx_HAL_Driver/Src/stm32f7xx_hal_cortex.o
                0x08000de6                HAL_NVIC_SetPriorityGrouping
 .text.HAL_NVIC_SetPriority
                0x08000dfc       0x38 ./Drivers/STM32F7xx_HAL_Driver/Src/stm32f7xx_hal_cortex.o
                0x08000dfc                HAL_NVIC_SetPriority
 .text.HAL_NVIC_EnableIRQ
                0x08000e34       0x1c ./Drivers/STM32F7xx_HAL_Driver/Src/stm32f7xx_hal_cortex.o
                0x08000e34                HAL_NVIC_EnableIRQ
 .text.HAL_GPIO_Init
                0x08000e50      0x358 ./Drivers/STM32F7xx_HAL_Driver/Src/stm32f7xx_hal_gpio.o
                0x08000e50                HAL_GPIO_Init
 .text.HAL_GPIO_WritePin
                0x080011a8       0x32 ./Drivers/STM32F7xx_HAL_Driver/Src/stm32f7xx_hal_gpio.o
                0x080011a8                HAL_GPIO_WritePin
 *fill*         0x080011da        0x2 
 .text.HAL_RCC_OscConfig
                0x080011dc      0x55c ./Drivers/STM32F7xx_HAL_Driver/Src/stm32f7xx_hal_rcc.o
                0x080011dc                HAL_RCC_OscConfig
 .text.HAL_RCC_ClockConfig
                0x08001738      0x1d8 ./Drivers/STM32F7xx_HAL_Driver/Src/stm32f7xx_hal_rcc.o
                0x08001738                HAL_RCC_ClockConfig
 .text.HAL_RCC_GetSysClockFreq
                0x08001910      0x208 ./Drivers/STM32F7xx_HAL_Driver/Src/stm32f7xx_hal_rcc.o
                0x08001910                HAL_RCC_GetSysClockFreq
 .text.HAL_RCC_GetHCLKFreq
                0x08001b18       0x18 ./Drivers/STM32F7xx_HAL_Driver/Src/stm32f7xx_hal_rcc.o
                0x08001b18                HAL_RCC_GetHCLKFreq
 .text.HAL_RCC_GetPCLK1Freq
                0x08001b30       0x28 ./Drivers/STM32F7xx_HAL_Driver/Src/stm32f7xx_hal_rcc.o
                0x08001b30                HAL_RCC_GetPCLK1Freq
 .text.HAL_RCC_GetClockConfig
                0x08001b58       0x64 ./Drivers/STM32F7xx_HAL_Driver/Src/stm32f7xx_hal_rcc.o
                0x08001b58                HAL_RCC_GetClockConfig
 .text.HAL_TIM_Base_Init
                0x08001bbc       0xae ./Drivers/STM32F7xx_HAL_Driver/Src/stm32f7xx_hal_tim.o
                0x08001bbc                HAL_TIM_Base_Init
 .text.HAL_TIM_Base_MspInit
                0x08001c6a       0x14 ./Drivers/STM32F7xx_HAL_Driver/Src/stm32f7xx_hal_tim.o
                0x08001c6a                HAL_TIM_Base_MspInit
 *fill*         0x08001c7e        0x2 
 .text.HAL_TIM_Base_Start_IT
                0x08001c80       0xf0 ./Drivers/STM32F7xx_HAL_Driver/Src/stm32f7xx_hal_tim.o
                0x08001c80                HAL_TIM_Base_Start_IT
 .text.HAL_TIM_IRQHandler
                0x08001d70      0x23e ./Drivers/STM32F7xx_HAL_Driver/Src/stm32f7xx_hal_tim.o
                0x08001d70                HAL_TIM_IRQHandler
 .text.HAL_TIM_OC_DelayElapsedCallback
                0x08001fae       0x14 ./Drivers/STM32F7xx_HAL_Driver/Src/stm32f7xx_hal_tim.o
                0x08001fae                HAL_TIM_OC_DelayElapsedCallback
 .text.HAL_TIM_IC_CaptureCallback
                0x08001fc2       0x14 ./Drivers/STM32F7xx_HAL_Driver/Src/stm32f7xx_hal_tim.o
                0x08001fc2                HAL_TIM_IC_CaptureCallback
 .text.HAL_TIM_PWM_PulseFinishedCallback
                0x08001fd6       0x14 ./Drivers/STM32F7xx_HAL_Driver/Src/stm32f7xx_hal_tim.o
                0x08001fd6                HAL_TIM_PWM_PulseFinishedCallback
 .text.HAL_TIM_TriggerCallback
                0x08001fea       0x14 ./Drivers/STM32F7xx_HAL_Driver/Src/stm32f7xx_hal_tim.o
                0x08001fea                HAL_TIM_TriggerCallback
 *fill*         0x08001ffe        0x2 
 .text.TIM_Base_SetConfig
                0x08002000      0x140 ./Drivers/STM32F7xx_HAL_Driver/Src/stm32f7xx_hal_tim.o
                0x08002000                TIM_Base_SetConfig
 .text.HAL_TIMEx_CommutCallback
                0x08002140       0x14 ./Drivers/STM32F7xx_HAL_Driver/Src/stm32f7xx_hal_tim_ex.o
                0x08002140                HAL_TIMEx_CommutCallback
 .text.HAL_TIMEx_BreakCallback
                0x08002154       0x14 ./Drivers/STM32F7xx_HAL_Driver/Src/stm32f7xx_hal_tim_ex.o
                0x08002154                HAL_TIMEx_BreakCallback
 .text.HAL_TIMEx_Break2Callback
                0x08002168       0x14 ./Drivers/STM32F7xx_HAL_Driver/Src/stm32f7xx_hal_tim_ex.o
                0x08002168                HAL_TIMEx_Break2Callback
 .text.vListInitialise
                0x0800217c       0x40 ./ThirdParty/FreeRTOS/list.o
                0x0800217c                vListInitialise
 .text.vListInitialiseItem
                0x080021bc       0x1a ./ThirdParty/FreeRTOS/list.o
                0x080021bc                vListInitialiseItem
 .text.vListInsert
                0x080021d6       0x72 ./ThirdParty/FreeRTOS/list.o
                0x080021d6                vListInsert
 .text.uxListRemove
                0x08002248       0x54 ./ThirdParty/FreeRTOS/list.o
                0x08002248                uxListRemove
 .text.xQueueGenericReset
                0x0800229c      0x12c ./ThirdParty/FreeRTOS/queue.o
                0x0800229c                xQueueGenericReset
 .text.xQueueGenericCreate
                0x080023c8       0xa2 ./ThirdParty/FreeRTOS/queue.o
                0x080023c8                xQueueGenericCreate
 .text.prvInitialiseNewQueue
                0x0800246a       0x4c ./ThirdParty/FreeRTOS/queue.o
 *fill*         0x080024b6        0x2 
 .text.xQueueReceive
                0x080024b8      0x1d0 ./ThirdParty/FreeRTOS/queue.o
                0x080024b8                xQueueReceive
 .text.prvCopyDataToQueue
                0x08002688       0xd4 ./ThirdParty/FreeRTOS/queue.o
 .text.prvCopyDataFromQueue
                0x0800275c       0x4c ./ThirdParty/FreeRTOS/queue.o
 .text.prvUnlockQueue
                0x080027a8       0xbe ./ThirdParty/FreeRTOS/queue.o
 .text.prvIsQueueEmpty
                0x08002866       0x2c ./ThirdParty/FreeRTOS/queue.o
 *fill*         0x08002892        0x2 
 .text.vQueueAddToRegistry
                0x08002894       0xa4 ./ThirdParty/FreeRTOS/queue.o
                0x08002894                vQueueAddToRegistry
 .text.vQueueWaitForMessageRestricted
                0x08002938       0x68 ./ThirdParty/FreeRTOS/queue.o
                0x08002938                vQueueWaitForMessageRestricted
 .text.prvNotifyQueueSetContainer
                0x080029a0       0xf2 ./ThirdParty/FreeRTOS/queue.o
 .text.xTaskCreate
                0x08002a92       0x8c ./ThirdParty/FreeRTOS/tasks.o
                0x08002a92                xTaskCreate
 .text.prvInitialiseNewTask
                0x08002b1e      0x128 ./ThirdParty/FreeRTOS/tasks.o
 *fill*         0x08002c46        0x2 
 .text.prvAddNewTaskToReadyList
                0x08002c48      0x12c ./ThirdParty/FreeRTOS/tasks.o
 .text.vTaskStartScheduler
                0x08002d74       0xac ./ThirdParty/FreeRTOS/tasks.o
                0x08002d74                vTaskStartScheduler
 .text.vTaskSuspendAll
                0x08002e20       0x1c ./ThirdParty/FreeRTOS/tasks.o
                0x08002e20                vTaskSuspendAll
 .text.xTaskResumeAll
                0x08002e3c      0x1fc ./ThirdParty/FreeRTOS/tasks.o
                0x08002e3c                xTaskResumeAll
 .text.xTaskGetTickCount
                0x08003038       0x20 ./ThirdParty/FreeRTOS/tasks.o
                0x08003038                xTaskGetTickCount
 .text.uxTaskGetNumberOfTasks
                0x08003058       0x18 ./ThirdParty/FreeRTOS/tasks.o
                0x08003058                uxTaskGetNumberOfTasks
 .text.xTaskIncrementTick
                0x08003070      0x234 ./ThirdParty/FreeRTOS/tasks.o
                0x08003070                xTaskIncrementTick
 .text.vTaskSwitchContext
                0x080032a4       0xbc ./ThirdParty/FreeRTOS/tasks.o
                0x080032a4                vTaskSwitchContext
 .text.vTaskPlaceOnEventList
                0x08003360       0x50 ./ThirdParty/FreeRTOS/tasks.o
                0x08003360                vTaskPlaceOnEventList
 .text.vTaskPlaceOnEventListRestricted
                0x080033b0       0x90 ./ThirdParty/FreeRTOS/tasks.o
                0x080033b0                vTaskPlaceOnEventListRestricted
 .text.xTaskRemoveFromEventList
                0x08003440      0x1b4 ./ThirdParty/FreeRTOS/tasks.o
                0x08003440                xTaskRemoveFromEventList
 .text.vTaskInternalSetTimeOutState
                0x080035f4       0x2c ./ThirdParty/FreeRTOS/tasks.o
                0x080035f4                vTaskInternalSetTimeOutState
 .text.xTaskCheckForTimeOut
                0x08003620       0xd8 ./ThirdParty/FreeRTOS/tasks.o
                0x08003620                xTaskCheckForTimeOut
 .text.vTaskMissedYield
                0x080036f8       0x18 ./ThirdParty/FreeRTOS/tasks.o
                0x080036f8                vTaskMissedYield
 .text.prvIdleTask
                0x08003710       0x30 ./ThirdParty/FreeRTOS/tasks.o
 .text.prvInitialiseTaskLists
                0x08003740       0x80 ./ThirdParty/FreeRTOS/tasks.o
 .text.prvCheckTasksWaitingTermination
                0x080037c0       0x5c ./ThirdParty/FreeRTOS/tasks.o
 .text.prvDeleteTCB
                0x0800381c       0x20 ./ThirdParty/FreeRTOS/tasks.o
 .text.prvResetNextTaskUnblockTime
                0x0800383c       0x38 ./ThirdParty/FreeRTOS/tasks.o
 .text.xTaskGetSchedulerState
                0x08003874       0x3c ./ThirdParty/FreeRTOS/tasks.o
                0x08003874                xTaskGetSchedulerState
 .text.xTaskPriorityDisinherit
                0x080038b0      0x154 ./ThirdParty/FreeRTOS/tasks.o
                0x080038b0                xTaskPriorityDisinherit
 .text.prvAddCurrentTaskToDelayedList
                0x08003a04      0x100 ./ThirdParty/FreeRTOS/tasks.o
 .text.xTimerCreateTimerTask
                0x08003b04       0x6c ./ThirdParty/FreeRTOS/timers.o
                0x08003b04                xTimerCreateTimerTask
 .text.prvReloadTimer
                0x08003b70       0x42 ./ThirdParty/FreeRTOS/timers.o
 *fill*         0x08003bb2        0x2 
 .text.prvProcessExpiredTimer
                0x08003bb4       0x60 ./ThirdParty/FreeRTOS/timers.o
 .text.prvTimerTask
                0x08003c14       0x26 ./ThirdParty/FreeRTOS/timers.o
 *fill*         0x08003c3a        0x2 
 .text.prvProcessTimerOrBlockTask
                0x08003c3c       0x9c ./ThirdParty/FreeRTOS/timers.o
 .text.prvGetNextExpireTime
                0x08003cd8       0x48 ./ThirdParty/FreeRTOS/timers.o
 .text.prvSampleTimeNow
                0x08003d20       0x40 ./ThirdParty/FreeRTOS/timers.o
 .text.prvInsertTimerInActiveList
                0x08003d60       0x84 ./ThirdParty/FreeRTOS/timers.o
 .text.prvProcessReceivedCommands
                0x08003de4      0x1c4 ./ThirdParty/FreeRTOS/timers.o
 .text.prvSwitchTimerLists
                0x08003fa8       0x4c ./ThirdParty/FreeRTOS/timers.o
 .text.prvCheckForValidListAndQueue
                0x08003ff4       0x6c ./ThirdParty/FreeRTOS/timers.o
 .text.pxPortInitialiseStack
                0x08004060       0x68 ./ThirdParty/FreeRTOS/portable/GCC/ARM_CM7/r0p1/port.o
                0x08004060                pxPortInitialiseStack
 .text.prvTaskExitError
                0x080040c8       0x64 ./ThirdParty/FreeRTOS/portable/GCC/ARM_CM7/r0p1/port.o
 *fill*         0x0800412c        0x4 
 .text.SVC_Handler
                0x08004130       0x28 ./ThirdParty/FreeRTOS/portable/GCC/ARM_CM7/r0p1/port.o
                0x08004130                SVC_Handler
 .text.prvPortStartFirstTask
                0x08004158       0x2c ./ThirdParty/FreeRTOS/portable/GCC/ARM_CM7/r0p1/port.o
 .text.xPortStartScheduler
                0x08004184      0x124 ./ThirdParty/FreeRTOS/portable/GCC/ARM_CM7/r0p1/port.o
                0x08004184                xPortStartScheduler
 .text.vPortEnterCritical
                0x080042a8       0x6c ./ThirdParty/FreeRTOS/portable/GCC/ARM_CM7/r0p1/port.o
                0x080042a8                vPortEnterCritical
 .text.vPortExitCritical
                0x08004314       0x58 ./ThirdParty/FreeRTOS/portable/GCC/ARM_CM7/r0p1/port.o
                0x08004314                vPortExitCritical
 *fill*         0x0800436c        0x4 
 .text.PendSV_Handler
                0x08004370       0x68 ./ThirdParty/FreeRTOS/portable/GCC/ARM_CM7/r0p1/port.o
                0x08004370                PendSV_Handler
 .text.SysTick_Handler
                0x080043d8       0x48 ./ThirdParty/FreeRTOS/portable/GCC/ARM_CM7/r0p1/port.o
                0x080043d8                SysTick_Handler
 .text.vPortSetupTimerInterrupt
                0x08004420       0x48 ./ThirdParty/FreeRTOS/portable/GCC/ARM_CM7/r0p1/port.o
                0x08004420                vPortSetupTimerInterrupt
 .text.vPortEnableVFP
                0x08004468       0x18 ./ThirdParty/FreeRTOS/portable/GCC/ARM_CM7/r0p1/port.o
 .text.pvPortMalloc
                0x08004480      0x180 ./ThirdParty/FreeRTOS/portable/MemMang/heap_4.o
                0x08004480                pvPortMalloc
 .text.vPortFree
                0x08004600       0xc4 ./ThirdParty/FreeRTOS/portable/MemMang/heap_4.o
                0x08004600                vPortFree
 .text.prvHeapInit
                0x080046c4       0xb8 ./ThirdParty/FreeRTOS/portable/MemMang/heap_4.o
 .text.prvInsertBlockIntoFreeList
                0x0800477c       0xb4 ./ThirdParty/FreeRTOS/portable/MemMang/heap_4.o
 .text.std      0x08004830       0x6c /home/hojoon/st/stm32cubeide_1.14.0/plugins/com.st.stm32cube.ide.mcu.externaltools.gnu-tools-for-stm32.12.3.rel1.linux64_1.0.100.202403111256/tools/bin/../lib/gcc/arm-none-eabi/12.3.1/../../../../arm-none-eabi/lib/thumb/v7e-m+dp/hard/libc_nano.a(libc_a-findfp.o)
 .text.stdio_exit_handler
                0x0800489c       0x18 /home/hojoon/st/stm32cubeide_1.14.0/plugins/com.st.stm32cube.ide.mcu.externaltools.gnu-tools-for-stm32.12.3.rel1.linux64_1.0.100.202403111256/tools/bin/../lib/gcc/arm-none-eabi/12.3.1/../../../../arm-none-eabi/lib/thumb/v7e-m+dp/hard/libc_nano.a(libc_a-findfp.o)
 .text.cleanup_stdio
                0x080048b4       0x40 /home/hojoon/st/stm32cubeide_1.14.0/plugins/com.st.stm32cube.ide.mcu.externaltools.gnu-tools-for-stm32.12.3.rel1.linux64_1.0.100.202403111256/tools/bin/../lib/gcc/arm-none-eabi/12.3.1/../../../../arm-none-eabi/lib/thumb/v7e-m+dp/hard/libc_nano.a(libc_a-findfp.o)
 .text.global_stdio_init.part.0
                0x080048f4       0x3c /home/hojoon/st/stm32cubeide_1.14.0/plugins/com.st.stm32cube.ide.mcu.externaltools.gnu-tools-for-stm32.12.3.rel1.linux64_1.0.100.202403111256/tools/bin/../lib/gcc/arm-none-eabi/12.3.1/../../../../arm-none-eabi/lib/thumb/v7e-m+dp/hard/libc_nano.a(libc_a-findfp.o)
 .text.__sfp_lock_acquire
                0x08004930        0xc /home/hojoon/st/stm32cubeide_1.14.0/plugins/com.st.stm32cube.ide.mcu.externaltools.gnu-tools-for-stm32.12.3.rel1.linux64_1.0.100.202403111256/tools/bin/../lib/gcc/arm-none-eabi/12.3.1/../../../../arm-none-eabi/lib/thumb/v7e-m+dp/hard/libc_nano.a(libc_a-findfp.o)
                0x08004930                __sfp_lock_acquire
 .text.__sfp_lock_release
                0x0800493c        0xc /home/hojoon/st/stm32cubeide_1.14.0/plugins/com.st.stm32cube.ide.mcu.externaltools.gnu-tools-for-stm32.12.3.rel1.linux64_1.0.100.202403111256/tools/bin/../lib/gcc/arm-none-eabi/12.3.1/../../../../arm-none-eabi/lib/thumb/v7e-m+dp/hard/libc_nano.a(libc_a-findfp.o)
                0x0800493c                __sfp_lock_release
 .text.__sinit  0x08004948       0x30 /home/hojoon/st/stm32cubeide_1.14.0/plugins/com.st.stm32cube.ide.mcu.externaltools.gnu-tools-for-stm32.12.3.rel1.linux64_1.0.100.202403111256/tools/bin/../lib/gcc/arm-none-eabi/12.3.1/../../../../arm-none-eabi/lib/thumb/v7e-m+dp/hard/libc_nano.a(libc_a-findfp.o)
                0x08004948                __sinit
 .text._fwalk_sglue
                0x08004978       0x3c /home/hojoon/st/stm32cubeide_1.14.0/plugins/com.st.stm32cube.ide.mcu.externaltools.gnu-tools-for-stm32.12.3.rel1.linux64_1.0.100.202403111256/tools/bin/../lib/gcc/arm-none-eabi/12.3.1/../../../../arm-none-eabi/lib/thumb/v7e-m+dp/hard/libc_nano.a(libc_a-fwalk.o)
                0x08004978                _fwalk_sglue
 .text._puts_r  0x080049b4       0xaa /home/hojoon/st/stm32cubeide_1.14.0/plugins/com.st.stm32cube.ide.mcu.externaltools.gnu-tools-for-stm32.12.3.rel1.linux64_1.0.100.202403111256/tools/bin/../lib/gcc/arm-none-eabi/12.3.1/../../../../arm-none-eabi/lib/thumb/v7e-m+dp/hard/libc_nano.a(libc_a-puts.o)
                0x080049b4                _puts_r
 *fill*         0x08004a5e        0x2 
 .text.puts     0x08004a60       0x10 /home/hojoon/st/stm32cubeide_1.14.0/plugins/com.st.stm32cube.ide.mcu.externaltools.gnu-tools-for-stm32.12.3.rel1.linux64_1.0.100.202403111256/tools/bin/../lib/gcc/arm-none-eabi/12.3.1/../../../../arm-none-eabi/lib/thumb/v7e-m+dp/hard/libc_nano.a(libc_a-puts.o)
                0x08004a60                puts
 .text.__sread  0x08004a70       0x22 /home/hojoon/st/stm32cubeide_1.14.0/plugins/com.st.stm32cube.ide.mcu.externaltools.gnu-tools-for-stm32.12.3.rel1.linux64_1.0.100.202403111256/tools/bin/../lib/gcc/arm-none-eabi/12.3.1/../../../../arm-none-eabi/lib/thumb/v7e-m+dp/hard/libc_nano.a(libc_a-stdio.o)
                0x08004a70                __sread
 .text.__swrite
                0x08004a92       0x38 /home/hojoon/st/stm32cubeide_1.14.0/plugins/com.st.stm32cube.ide.mcu.externaltools.gnu-tools-for-stm32.12.3.rel1.linux64_1.0.100.202403111256/tools/bin/../lib/gcc/arm-none-eabi/12.3.1/../../../../arm-none-eabi/lib/thumb/v7e-m+dp/hard/libc_nano.a(libc_a-stdio.o)
                0x08004a92                __swrite
 .text.__sseek  0x08004aca       0x24 /home/hojoon/st/stm32cubeide_1.14.0/plugins/com.st.stm32cube.ide.mcu.externaltools.gnu-tools-for-stm32.12.3.rel1.linux64_1.0.100.202403111256/tools/bin/../lib/gcc/arm-none-eabi/12.3.1/../../../../arm-none-eabi/lib/thumb/v7e-m+dp/hard/libc_nano.a(libc_a-stdio.o)
                0x08004aca                __sseek
 .text.__sclose
                0x08004aee        0x8 /home/hojoon/st/stm32cubeide_1.14.0/plugins/com.st.stm32cube.ide.mcu.externaltools.gnu-tools-for-stm32.12.3.rel1.linux64_1.0.100.202403111256/tools/bin/../lib/gcc/arm-none-eabi/12.3.1/../../../../arm-none-eabi/lib/thumb/v7e-m+dp/hard/libc_nano.a(libc_a-stdio.o)
                0x08004aee                __sclose
 .text.__swbuf_r
                0x08004af6       0x7c /home/hojoon/st/stm32cubeide_1.14.0/plugins/com.st.stm32cube.ide.mcu.externaltools.gnu-tools-for-stm32.12.3.rel1.linux64_1.0.100.202403111256/tools/bin/../lib/gcc/arm-none-eabi/12.3.1/../../../../arm-none-eabi/lib/thumb/v7e-m+dp/hard/libc_nano.a(libc_a-wbuf.o)
                0x08004af6                __swbuf_r
 *fill*         0x08004b72        0x2 
 .text.__swsetup_r
                0x08004b74       0xac /home/hojoon/st/stm32cubeide_1.14.0/plugins/com.st.stm32cube.ide.mcu.externaltools.gnu-tools-for-stm32.12.3.rel1.linux64_1.0.100.202403111256/tools/bin/../lib/gcc/arm-none-eabi/12.3.1/../../../../arm-none-eabi/lib/thumb/v7e-m+dp/hard/libc_nano.a(libc_a-wsetup.o)
                0x08004b74                __swsetup_r
 .text.memset   0x08004c20       0x10 /home/hojoon/st/stm32cubeide_1.14.0/plugins/com.st.stm32cube.ide.mcu.externaltools.gnu-tools-for-stm32.12.3.rel1.linux64_1.0.100.202403111256/tools/bin/../lib/gcc/arm-none-eabi/12.3.1/../../../../arm-none-eabi/lib/thumb/v7e-m+dp/hard/libc_nano.a(libc_a-memset.o)
                0x08004c20                memset
 .text._close_r
                0x08004c30       0x20 /home/hojoon/st/stm32cubeide_1.14.0/plugins/com.st.stm32cube.ide.mcu.externaltools.gnu-tools-for-stm32.12.3.rel1.linux64_1.0.100.202403111256/tools/bin/../lib/gcc/arm-none-eabi/12.3.1/../../../../arm-none-eabi/lib/thumb/v7e-m+dp/hard/libc_nano.a(libc_a-closer.o)
                0x08004c30                _close_r
 .text._lseek_r
                0x08004c50       0x24 /home/hojoon/st/stm32cubeide_1.14.0/plugins/com.st.stm32cube.ide.mcu.externaltools.gnu-tools-for-stm32.12.3.rel1.linux64_1.0.100.202403111256/tools/bin/../lib/gcc/arm-none-eabi/12.3.1/../../../../arm-none-eabi/lib/thumb/v7e-m+dp/hard/libc_nano.a(libc_a-lseekr.o)
                0x08004c50                _lseek_r
 .text._read_r  0x08004c74       0x24 /home/hojoon/st/stm32cubeide_1.14.0/plugins/com.st.stm32cube.ide.mcu.externaltools.gnu-tools-for-stm32.12.3.rel1.linux64_1.0.100.202403111256/tools/bin/../lib/gcc/arm-none-eabi/12.3.1/../../../../arm-none-eabi/lib/thumb/v7e-m+dp/hard/libc_nano.a(libc_a-readr.o)
                0x08004c74                _read_r
 .text._write_r
                0x08004c98       0x24 /home/hojoon/st/stm32cubeide_1.14.0/plugins/com.st.stm32cube.ide.mcu.externaltools.gnu-tools-for-stm32.12.3.rel1.linux64_1.0.100.202403111256/tools/bin/../lib/gcc/arm-none-eabi/12.3.1/../../../../arm-none-eabi/lib/thumb/v7e-m+dp/hard/libc_nano.a(libc_a-writer.o)
                0x08004c98                _write_r
 .text.__libc_init_array
                0x08004cbc       0x48 /home/hojoon/st/stm32cubeide_1.14.0/plugins/com.st.stm32cube.ide.mcu.externaltools.gnu-tools-for-stm32.12.3.rel1.linux64_1.0.100.202403111256/tools/bin/../lib/gcc/arm-none-eabi/12.3.1/../../../../arm-none-eabi/lib/thumb/v7e-m+dp/hard/libc_nano.a(libc_a-init.o)
                0x08004cbc                __libc_init_array
 .text.__retarget_lock_init_recursive
                0x08004d04        0x2 /home/hojoon/st/stm32cubeide_1.14.0/plugins/com.st.stm32cube.ide.mcu.externaltools.gnu-tools-for-stm32.12.3.rel1.linux64_1.0.100.202403111256/tools/bin/../lib/gcc/arm-none-eabi/12.3.1/../../../../arm-none-eabi/lib/thumb/v7e-m+dp/hard/libc_nano.a(libc_a-lock.o)
                0x08004d04                __retarget_lock_init_recursive
 .text.__retarget_lock_acquire_recursive
                0x08004d06        0x2 /home/hojoon/st/stm32cubeide_1.14.0/plugins/com.st.stm32cube.ide.mcu.externaltools.gnu-tools-for-stm32.12.3.rel1.linux64_1.0.100.202403111256/tools/bin/../lib/gcc/arm-none-eabi/12.3.1/../../../../arm-none-eabi/lib/thumb/v7e-m+dp/hard/libc_nano.a(libc_a-lock.o)
                0x08004d06                __retarget_lock_acquire_recursive
 .text.__retarget_lock_release_recursive
                0x08004d08        0x2 /home/hojoon/st/stm32cubeide_1.14.0/plugins/com.st.stm32cube.ide.mcu.externaltools.gnu-tools-for-stm32.12.3.rel1.linux64_1.0.100.202403111256/tools/bin/../lib/gcc/arm-none-eabi/12.3.1/../../../../arm-none-eabi/lib/thumb/v7e-m+dp/hard/libc_nano.a(libc_a-lock.o)
                0x08004d08                __retarget_lock_release_recursive
 .text.memcpy   0x08004d0a       0x1c /home/hojoon/st/stm32cubeide_1.14.0/plugins/com.st.stm32cube.ide.mcu.externaltools.gnu-tools-for-stm32.12.3.rel1.linux64_1.0.100.202403111256/tools/bin/../lib/gcc/arm-none-eabi/12.3.1/../../../../arm-none-eabi/lib/thumb/v7e-m+dp/hard/libc_nano.a(libc_a-memcpy-stub.o)
                0x08004d0a                memcpy
 *fill*         0x08004d26        0x2 
 .text._free_r  0x08004d28       0x94 /home/hojoon/st/stm32cubeide_1.14.0/plugins/com.st.stm32cube.ide.mcu.externaltools.gnu-tools-for-stm32.12.3.rel1.linux64_1.0.100.202403111256/tools/bin/../lib/gcc/arm-none-eabi/12.3.1/../../../../arm-none-eabi/lib/thumb/v7e-m+dp/hard/libc_nano.a(libc_a-freer.o)
                0x08004d28                _free_r
 .text.sbrk_aligned
                0x08004dbc       0x44 /home/hojoon/st/stm32cubeide_1.14.0/plugins/com.st.stm32cube.ide.mcu.externaltools.gnu-tools-for-stm32.12.3.rel1.linux64_1.0.100.202403111256/tools/bin/../lib/gcc/arm-none-eabi/12.3.1/../../../../arm-none-eabi/lib/thumb/v7e-m+dp/hard/libc_nano.a(libc_a-mallocr.o)
 .text._malloc_r
                0x08004e00      0x100 /home/hojoon/st/stm32cubeide_1.14.0/plugins/com.st.stm32cube.ide.mcu.externaltools.gnu-tools-for-stm32.12.3.rel1.linux64_1.0.100.202403111256/tools/bin/../lib/gcc/arm-none-eabi/12.3.1/../../../../arm-none-eabi/lib/thumb/v7e-m+dp/hard/libc_nano.a(libc_a-mallocr.o)
                0x08004e00                _malloc_r
 .text.__malloc_lock
                0x08004f00        0xc /home/hojoon/st/stm32cubeide_1.14.0/plugins/com.st.stm32cube.ide.mcu.externaltools.gnu-tools-for-stm32.12.3.rel1.linux64_1.0.100.202403111256/tools/bin/../lib/gcc/arm-none-eabi/12.3.1/../../../../arm-none-eabi/lib/thumb/v7e-m+dp/hard/libc_nano.a(libc_a-mlock.o)
                0x08004f00                __malloc_lock
 .text.__malloc_unlock
                0x08004f0c        0xc /home/hojoon/st/stm32cubeide_1.14.0/plugins/com.st.stm32cube.ide.mcu.externaltools.gnu-tools-for-stm32.12.3.rel1.linux64_1.0.100.202403111256/tools/bin/../lib/gcc/arm-none-eabi/12.3.1/../../../../arm-none-eabi/lib/thumb/v7e-m+dp/hard/libc_nano.a(libc_a-mlock.o)
                0x08004f0c                __malloc_unlock
 .text.__sflush_r
                0x08004f18      0x108 /home/hojoon/st/stm32cubeide_1.14.0/plugins/com.st.stm32cube.ide.mcu.externaltools.gnu-tools-for-stm32.12.3.rel1.linux64_1.0.100.202403111256/tools/bin/../lib/gcc/arm-none-eabi/12.3.1/../../../../arm-none-eabi/lib/thumb/v7e-m+dp/hard/libc_nano.a(libc_a-fflush.o)
                0x08004f18                __sflush_r
 .text._fflush_r
                0x08005020       0x50 /home/hojoon/st/stm32cubeide_1.14.0/plugins/com.st.stm32cube.ide.mcu.externaltools.gnu-tools-for-stm32.12.3.rel1.linux64_1.0.100.202403111256/tools/bin/../lib/gcc/arm-none-eabi/12.3.1/../../../../arm-none-eabi/lib/thumb/v7e-m+dp/hard/libc_nano.a(libc_a-fflush.o)
                0x08005020                _fflush_r
 .text.__swhatbuf_r
                0x08005070       0x4c /home/hojoon/st/stm32cubeide_1.14.0/plugins/com.st.stm32cube.ide.mcu.externaltools.gnu-tools-for-stm32.12.3.rel1.linux64_1.0.100.202403111256/tools/bin/../lib/gcc/arm-none-eabi/12.3.1/../../../../arm-none-eabi/lib/thumb/v7e-m+dp/hard/libc_nano.a(libc_a-makebuf.o)
                0x08005070                __swhatbuf_r
 .text.__smakebuf_r
                0x080050bc       0x78 /home/hojoon/st/stm32cubeide_1.14.0/plugins/com.st.stm32cube.ide.mcu.externaltools.gnu-tools-for-stm32.12.3.rel1.linux64_1.0.100.202403111256/tools/bin/../lib/gcc/arm-none-eabi/12.3.1/../../../../arm-none-eabi/lib/thumb/v7e-m+dp/hard/libc_nano.a(libc_a-makebuf.o)
                0x080050bc                __smakebuf_r
 .text._fstat_r
                0x08005134       0x24 /home/hojoon/st/stm32cubeide_1.14.0/plugins/com.st.stm32cube.ide.mcu.externaltools.gnu-tools-for-stm32.12.3.rel1.linux64_1.0.100.202403111256/tools/bin/../lib/gcc/arm-none-eabi/12.3.1/../../../../arm-none-eabi/lib/thumb/v7e-m+dp/hard/libc_nano.a(libc_a-fstatr.o)
                0x08005134                _fstat_r
 .text._isatty_r
                0x08005158       0x20 /home/hojoon/st/stm32cubeide_1.14.0/plugins/com.st.stm32cube.ide.mcu.externaltools.gnu-tools-for-stm32.12.3.rel1.linux64_1.0.100.202403111256/tools/bin/../lib/gcc/arm-none-eabi/12.3.1/../../../../arm-none-eabi/lib/thumb/v7e-m+dp/hard/libc_nano.a(libc_a-isattyr.o)
                0x08005158                _isatty_r
 .text._sbrk_r  0x08005178       0x20 /home/hojoon/st/stm32cubeide_1.14.0/plugins/com.st.stm32cube.ide.mcu.externaltools.gnu-tools-for-stm32.12.3.rel1.linux64_1.0.100.202403111256/tools/bin/../lib/gcc/arm-none-eabi/12.3.1/../../../../arm-none-eabi/lib/thumb/v7e-m+dp/hard/libc_nano.a(libc_a-sbrkr.o)
                0x08005178                _sbrk_r
 .text._sbrk    0x08005198       0x1c /home/hojoon/st/stm32cubeide_1.14.0/plugins/com.st.stm32cube.ide.mcu.externaltools.gnu-tools-for-stm32.12.3.rel1.linux64_1.0.100.202403111256/tools/bin/../lib/gcc/arm-none-eabi/12.3.1/../../../../arm-none-eabi/lib/thumb/v7e-m+dp/hard/libnosys.a(sbrk.o)
                0x08005198                _sbrk
 *(.glue_7)
 .glue_7        0x080051b4        0x0 linker stubs
 *(.glue_7t)
 .glue_7t       0x080051b4        0x0 linker stubs
 *(.eh_frame)
 .eh_frame      0x080051b4        0x0 /home/hojoon/st/stm32cubeide_1.14.0/plugins/com.st.stm32cube.ide.mcu.externaltools.gnu-tools-for-stm32.12.3.rel1.linux64_1.0.100.202403111256/tools/bin/../lib/gcc/arm-none-eabi/12.3.1/thumb/v7e-m+dp/hard/crtbegin.o
 *(.init)
 .init          0x080051b4        0x4 /home/hojoon/st/stm32cubeide_1.14.0/plugins/com.st.stm32cube.ide.mcu.externaltools.gnu-tools-for-stm32.12.3.rel1.linux64_1.0.100.202403111256/tools/bin/../lib/gcc/arm-none-eabi/12.3.1/thumb/v7e-m+dp/hard/crti.o
                0x080051b4                _init
 .init          0x080051b8        0x8 /home/hojoon/st/stm32cubeide_1.14.0/plugins/com.st.stm32cube.ide.mcu.externaltools.gnu-tools-for-stm32.12.3.rel1.linux64_1.0.100.202403111256/tools/bin/../lib/gcc/arm-none-eabi/12.3.1/thumb/v7e-m+dp/hard/crtn.o
 *(.fini)
 .fini          0x080051c0        0x4 /home/hojoon/st/stm32cubeide_1.14.0/plugins/com.st.stm32cube.ide.mcu.externaltools.gnu-tools-for-stm32.12.3.rel1.linux64_1.0.100.202403111256/tools/bin/../lib/gcc/arm-none-eabi/12.3.1/thumb/v7e-m+dp/hard/crti.o
                0x080051c0                _fini
 .fini          0x080051c4        0x8 /home/hojoon/st/stm32cubeide_1.14.0/plugins/com.st.stm32cube.ide.mcu.externaltools.gnu-tools-for-stm32.12.3.rel1.linux64_1.0.100.202403111256/tools/bin/../lib/gcc/arm-none-eabi/12.3.1/thumb/v7e-m+dp/hard/crtn.o
                0x080051cc                        . = ALIGN (0x4)
                0x080051cc                        _etext = .

.vfp11_veneer   0x080051cc        0x0
 .vfp11_veneer  0x080051cc        0x0 linker stubs

.v4_bx          0x080051cc        0x0
 .v4_bx         0x080051cc        0x0 linker stubs

.iplt           0x080051cc        0x0
 .iplt          0x080051cc        0x0 /home/hojoon/st/stm32cubeide_1.14.0/plugins/com.st.stm32cube.ide.mcu.externaltools.gnu-tools-for-stm32.12.3.rel1.linux64_1.0.100.202403111256/tools/bin/../lib/gcc/arm-none-eabi/12.3.1/thumb/v7e-m+dp/hard/crtbegin.o

.rodata         0x080051cc       0x80
                0x080051cc                        . = ALIGN (0x4)
 *(.rodata)
 .rodata        0x080051cc       0x3f ./Core/Src/main.o
 *fill*         0x0800520b        0x1 
 .rodata        0x0800520c       0x17 ./ThirdParty/FreeRTOS/tasks.o
 *fill*         0x08005223        0x1 
 .rodata        0x08005224        0xd ./ThirdParty/FreeRTOS/timers.o
 *(.rodata*)
 *fill*         0x08005231        0x3 
 .rodata.AHBPrescTable
                0x08005234       0x10 ./Core/Src/system_stm32f7xx.o
                0x08005234                AHBPrescTable
 .rodata.APBPrescTable
                0x08005244        0x8 ./Core/Src/system_stm32f7xx.o
                0x08005244                APBPrescTable
                0x0800524c                        . = ALIGN (0x4)

.ARM.extab      0x0800524c        0x0
                0x0800524c                        . = ALIGN (0x4)
 *(.ARM.extab* .gnu.linkonce.armextab.*)
                0x0800524c                        . = ALIGN (0x4)

.ARM            0x0800524c        0x8
                0x0800524c                        . = ALIGN (0x4)
                0x0800524c                        __exidx_start = .
 *(.ARM.exidx*)
 .ARM.exidx     0x0800524c        0x8 /home/hojoon/st/stm32cubeide_1.14.0/plugins/com.st.stm32cube.ide.mcu.externaltools.gnu-tools-for-stm32.12.3.rel1.linux64_1.0.100.202403111256/tools/bin/../lib/gcc/arm-none-eabi/12.3.1/thumb/v7e-m+dp/hard/libgcc.a(_udivmoddi4.o)
                0x08005254                        __exidx_end = .
                0x08005254                        . = ALIGN (0x4)

.preinit_array  0x08005254        0x0
                0x08005254                        . = ALIGN (0x4)
                0x08005254                        PROVIDE (__preinit_array_start = .)
 *(.preinit_array*)
                0x08005254                        PROVIDE (__preinit_array_end = .)
                0x08005254                        . = ALIGN (0x4)

.init_array     0x08005254        0x4
                0x08005254                        . = ALIGN (0x4)
                0x08005254                        PROVIDE (__init_array_start = .)
 *(SORT_BY_NAME(.init_array.*))
 *(.init_array*)
 .init_array    0x08005254        0x4 /home/hojoon/st/stm32cubeide_1.14.0/plugins/com.st.stm32cube.ide.mcu.externaltools.gnu-tools-for-stm32.12.3.rel1.linux64_1.0.100.202403111256/tools/bin/../lib/gcc/arm-none-eabi/12.3.1/thumb/v7e-m+dp/hard/crtbegin.o
                0x08005258                        PROVIDE (__init_array_end = .)
                0x08005258                        . = ALIGN (0x4)

.fini_array     0x08005258        0x4
                0x08005258                        . = ALIGN (0x4)
                [!provide]                        PROVIDE (__fini_array_start = .)
 *(SORT_BY_NAME(.fini_array.*))
 *(.fini_array*)
 .fini_array    0x08005258        0x4 /home/hojoon/st/stm32cubeide_1.14.0/plugins/com.st.stm32cube.ide.mcu.externaltools.gnu-tools-for-stm32.12.3.rel1.linux64_1.0.100.202403111256/tools/bin/../lib/gcc/arm-none-eabi/12.3.1/thumb/v7e-m+dp/hard/crtbegin.o
                [!provide]                        PROVIDE (__fini_array_end = .)
                0x0800525c                        . = ALIGN (0x4)
                0x0800525c                        _sidata = LOADADDR (.data)

.rel.dyn        0x0800525c        0x0
 .rel.iplt      0x0800525c        0x0 /home/hojoon/st/stm32cubeide_1.14.0/plugins/com.st.stm32cube.ide.mcu.externaltools.gnu-tools-for-stm32.12.3.rel1.linux64_1.0.100.202403111256/tools/bin/../lib/gcc/arm-none-eabi/12.3.1/thumb/v7e-m+dp/hard/crtbegin.o

.data           0x20000000       0x70 load address 0x0800525c
                0x20000000                        . = ALIGN (0x4)
                0x20000000                        _sdata = .
 *(.data)
 *(.data*)
 .data.SystemCoreClock
                0x20000000        0x4 ./Core/Src/system_stm32f7xx.o
                0x20000000                SystemCoreClock
 .data.uwTickPrio
                0x20000004        0x4 ./Drivers/STM32F7xx_HAL_Driver/Src/stm32f7xx_hal.o
                0x20000004                uwTickPrio
 .data.uwTickFreq
                0x20000008        0x1 ./Drivers/STM32F7xx_HAL_Driver/Src/stm32f7xx_hal.o
                0x20000008                uwTickFreq
 *fill*         0x20000009        0x3 
 .data.uxTopUsedPriority
                0x2000000c        0x4 ./ThirdParty/FreeRTOS/tasks.o
                0x2000000c                uxTopUsedPriority
 .data.uxCriticalNesting
                0x20000010        0x4 ./ThirdParty/FreeRTOS/portable/GCC/ARM_CM7/r0p1/port.o
 .data.__sglue  0x20000014        0xc /home/hojoon/st/stm32cubeide_1.14.0/plugins/com.st.stm32cube.ide.mcu.externaltools.gnu-tools-for-stm32.12.3.rel1.linux64_1.0.100.202403111256/tools/bin/../lib/gcc/arm-none-eabi/12.3.1/../../../../arm-none-eabi/lib/thumb/v7e-m+dp/hard/libc_nano.a(libc_a-findfp.o)
                0x20000014                __sglue
 .data._impure_ptr
                0x20000020        0x4 /home/hojoon/st/stm32cubeide_1.14.0/plugins/com.st.stm32cube.ide.mcu.externaltools.gnu-tools-for-stm32.12.3.rel1.linux64_1.0.100.202403111256/tools/bin/../lib/gcc/arm-none-eabi/12.3.1/../../../../arm-none-eabi/lib/thumb/v7e-m+dp/hard/libc_nano.a(libc_a-impure.o)
                0x20000020                _impure_ptr
 .data._impure_data
                0x20000024       0x4c /home/hojoon/st/stm32cubeide_1.14.0/plugins/com.st.stm32cube.ide.mcu.externaltools.gnu-tools-for-stm32.12.3.rel1.linux64_1.0.100.202403111256/tools/bin/../lib/gcc/arm-none-eabi/12.3.1/../../../../arm-none-eabi/lib/thumb/v7e-m+dp/hard/libc_nano.a(libc_a-impure.o)
                0x20000024                _impure_data
 *(.RamFunc)
 *(.RamFunc*)
                0x20000070                        . = ALIGN (0x4)
                0x20000070                        _edata = .

.igot.plt       0x20000070        0x0 load address 0x080052cc
 .igot.plt      0x20000070        0x0 /home/hojoon/st/stm32cubeide_1.14.0/plugins/com.st.stm32cube.ide.mcu.externaltools.gnu-tools-for-stm32.12.3.rel1.linux64_1.0.100.202403111256/tools/bin/../lib/gcc/arm-none-eabi/12.3.1/thumb/v7e-m+dp/hard/crtbegin.o
                0x20000070                        . = ALIGN (0x4)

.bss            0x20000070     0xbb60 load address 0x080052cc
                0x20000070                        _sbss = .
                0x20000070                        __bss_start__ = _sbss
 *(.bss)
 .bss           0x20000070       0x1c /home/hojoon/st/stm32cubeide_1.14.0/plugins/com.st.stm32cube.ide.mcu.externaltools.gnu-tools-for-stm32.12.3.rel1.linux64_1.0.100.202403111256/tools/bin/../lib/gcc/arm-none-eabi/12.3.1/thumb/v7e-m+dp/hard/crtbegin.o
 *(.bss*)
 .bss.htim6     0x2000008c       0x4c ./Core/Src/stm32f7xx_hal_timebase_tim.o
                0x2000008c                htim6
 .bss.uwTick    0x200000d8        0x4 ./Drivers/STM32F7xx_HAL_Driver/Src/stm32f7xx_hal.o
                0x200000d8                uwTick
 .bss.xQueueRegistry
                0x200000dc       0x40 ./ThirdParty/FreeRTOS/queue.o
                0x200000dc                xQueueRegistry
 .bss.pxCurrentTCB
                0x2000011c        0x4 ./ThirdParty/FreeRTOS/tasks.o
                0x2000011c                pxCurrentTCB
 .bss.pxReadyTasksLists
                0x20000120       0x64 ./ThirdParty/FreeRTOS/tasks.o
 .bss.xDelayedTaskList1
                0x20000184       0x14 ./ThirdParty/FreeRTOS/tasks.o
 .bss.xDelayedTaskList2
                0x20000198       0x14 ./ThirdParty/FreeRTOS/tasks.o
 .bss.pxDelayedTaskList
                0x200001ac        0x4 ./ThirdParty/FreeRTOS/tasks.o
 .bss.pxOverflowDelayedTaskList
                0x200001b0        0x4 ./ThirdParty/FreeRTOS/tasks.o
 .bss.xPendingReadyList
                0x200001b4       0x14 ./ThirdParty/FreeRTOS/tasks.o
 .bss.xTasksWaitingTermination
                0x200001c8       0x14 ./ThirdParty/FreeRTOS/tasks.o
 .bss.uxDeletedTasksWaitingCleanUp
                0x200001dc        0x4 ./ThirdParty/FreeRTOS/tasks.o
 .bss.xSuspendedTaskList
                0x200001e0       0x14 ./ThirdParty/FreeRTOS/tasks.o
 .bss.uxCurrentNumberOfTasks
                0x200001f4        0x4 ./ThirdParty/FreeRTOS/tasks.o
 .bss.xTickCount
                0x200001f8        0x4 ./ThirdParty/FreeRTOS/tasks.o
 .bss.uxTopReadyPriority
                0x200001fc        0x4 ./ThirdParty/FreeRTOS/tasks.o
 .bss.xSchedulerRunning
                0x20000200        0x4 ./ThirdParty/FreeRTOS/tasks.o
 .bss.xPendedTicks
                0x20000204        0x4 ./ThirdParty/FreeRTOS/tasks.o
 .bss.xYieldPending
                0x20000208        0x4 ./ThirdParty/FreeRTOS/tasks.o
 .bss.xNumOfOverflows
                0x2000020c        0x4 ./ThirdParty/FreeRTOS/tasks.o
 .bss.uxTaskNumber
                0x20000210        0x4 ./ThirdParty/FreeRTOS/tasks.o
 .bss.xNextTaskUnblockTime
                0x20000214        0x4 ./ThirdParty/FreeRTOS/tasks.o
 .bss.xIdleTaskHandle
                0x20000218        0x4 ./ThirdParty/FreeRTOS/tasks.o
 .bss.uxSchedulerSuspended
                0x2000021c        0x4 ./ThirdParty/FreeRTOS/tasks.o
 .bss.xActiveTimerList1
                0x20000220       0x14 ./ThirdParty/FreeRTOS/timers.o
 .bss.xActiveTimerList2
                0x20000234       0x14 ./ThirdParty/FreeRTOS/timers.o
 .bss.pxCurrentTimerList
                0x20000248        0x4 ./ThirdParty/FreeRTOS/timers.o
 .bss.pxOverflowTimerList
                0x2000024c        0x4 ./ThirdParty/FreeRTOS/timers.o
 .bss.xTimerQueue
                0x20000250        0x4 ./ThirdParty/FreeRTOS/timers.o
 .bss.xTimerTaskHandle
                0x20000254        0x4 ./ThirdParty/FreeRTOS/timers.o
 .bss.xLastTime.0
                0x20000258        0x4 ./ThirdParty/FreeRTOS/timers.o
 .bss.ucMaxSysCallPriority
                0x2000025c        0x1 ./ThirdParty/FreeRTOS/portable/GCC/ARM_CM7/r0p1/port.o
 *fill*         0x2000025d        0x3 
 .bss.ulMaxPRIGROUPValue
                0x20000260        0x4 ./ThirdParty/FreeRTOS/portable/GCC/ARM_CM7/r0p1/port.o
 .bss.ucHeap    0x20000264     0xb800 ./ThirdParty/FreeRTOS/portable/MemMang/heap_4.o
 .bss.xStart    0x2000ba64        0x8 ./ThirdParty/FreeRTOS/portable/MemMang/heap_4.o
 .bss.pxEnd     0x2000ba6c        0x4 ./ThirdParty/FreeRTOS/portable/MemMang/heap_4.o
 .bss.xFreeBytesRemaining
                0x2000ba70        0x4 ./ThirdParty/FreeRTOS/portable/MemMang/heap_4.o
 .bss.xMinimumEverFreeBytesRemaining
                0x2000ba74        0x4 ./ThirdParty/FreeRTOS/portable/MemMang/heap_4.o
 .bss.xNumberOfSuccessfulAllocations
                0x2000ba78        0x4 ./ThirdParty/FreeRTOS/portable/MemMang/heap_4.o
 .bss.xNumberOfSuccessfulFrees
                0x2000ba7c        0x4 ./ThirdParty/FreeRTOS/portable/MemMang/heap_4.o
 .bss.__sf      0x2000ba80      0x138 /home/hojoon/st/stm32cubeide_1.14.0/plugins/com.st.stm32cube.ide.mcu.externaltools.gnu-tools-for-stm32.12.3.rel1.linux64_1.0.100.202403111256/tools/bin/../lib/gcc/arm-none-eabi/12.3.1/../../../../arm-none-eabi/lib/thumb/v7e-m+dp/hard/libc_nano.a(libc_a-findfp.o)
                0x2000ba80                __sf
 .bss.__stdio_exit_handler
                0x2000bbb8        0x4 /home/hojoon/st/stm32cubeide_1.14.0/plugins/com.st.stm32cube.ide.mcu.externaltools.gnu-tools-for-stm32.12.3.rel1.linux64_1.0.100.202403111256/tools/bin/../lib/gcc/arm-none-eabi/12.3.1/../../../../arm-none-eabi/lib/thumb/v7e-m+dp/hard/libc_nano.a(libc_a-findfp.o)
                0x2000bbb8                __stdio_exit_handler
 .bss.errno     0x2000bbbc        0x4 /home/hojoon/st/stm32cubeide_1.14.0/plugins/com.st.stm32cube.ide.mcu.externaltools.gnu-tools-for-stm32.12.3.rel1.linux64_1.0.100.202403111256/tools/bin/../lib/gcc/arm-none-eabi/12.3.1/../../../../arm-none-eabi/lib/thumb/v7e-m+dp/hard/libc_nano.a(libc_a-reent.o)
                0x2000bbbc                errno
 .bss.__lock___malloc_recursive_mutex
                0x2000bbc0        0x1 /home/hojoon/st/stm32cubeide_1.14.0/plugins/com.st.stm32cube.ide.mcu.externaltools.gnu-tools-for-stm32.12.3.rel1.linux64_1.0.100.202403111256/tools/bin/../lib/gcc/arm-none-eabi/12.3.1/../../../../arm-none-eabi/lib/thumb/v7e-m+dp/hard/libc_nano.a(libc_a-lock.o)
                0x2000bbc0                __lock___malloc_recursive_mutex
 .bss.__lock___sfp_recursive_mutex
                0x2000bbc1        0x1 /home/hojoon/st/stm32cubeide_1.14.0/plugins/com.st.stm32cube.ide.mcu.externaltools.gnu-tools-for-stm32.12.3.rel1.linux64_1.0.100.202403111256/tools/bin/../lib/gcc/arm-none-eabi/12.3.1/../../../../arm-none-eabi/lib/thumb/v7e-m+dp/hard/libc_nano.a(libc_a-lock.o)
                0x2000bbc1                __lock___sfp_recursive_mutex
 *fill*         0x2000bbc2        0x2 
 .bss.__malloc_sbrk_start
                0x2000bbc4        0x4 /home/hojoon/st/stm32cubeide_1.14.0/plugins/com.st.stm32cube.ide.mcu.externaltools.gnu-tools-for-stm32.12.3.rel1.linux64_1.0.100.202403111256/tools/bin/../lib/gcc/arm-none-eabi/12.3.1/../../../../arm-none-eabi/lib/thumb/v7e-m+dp/hard/libc_nano.a(libc_a-mallocr.o)
                0x2000bbc4                __malloc_sbrk_start
 .bss.__malloc_free_list
                0x2000bbc8        0x4 /home/hojoon/st/stm32cubeide_1.14.0/plugins/com.st.stm32cube.ide.mcu.externaltools.gnu-tools-for-stm32.12.3.rel1.linux64_1.0.100.202403111256/tools/bin/../lib/gcc/arm-none-eabi/12.3.1/../../../../arm-none-eabi/lib/thumb/v7e-m+dp/hard/libc_nano.a(libc_a-mallocr.o)
                0x2000bbc8                __malloc_free_list
 .bss.heap_end.0
                0x2000bbcc        0x4 /home/hojoon/st/stm32cubeide_1.14.0/plugins/com.st.stm32cube.ide.mcu.externaltools.gnu-tools-for-stm32.12.3.rel1.linux64_1.0.100.202403111256/tools/bin/../lib/gcc/arm-none-eabi/12.3.1/../../../../arm-none-eabi/lib/thumb/v7e-m+dp/hard/libnosys.a(sbrk.o)
 *(COMMON)
                0x2000bbd0                        . = ALIGN (0x4)
                0x2000bbd0                        _ebss = .
                0x2000bbd0                        __bss_end__ = _ebss

._user_heap_stack
                0x2000bbd0      0x600 load address 0x080052cc
                0x2000bbd0                        . = ALIGN (0x8)
                0x2000bbd0                        PROVIDE (end = .)
                [!provide]                        PROVIDE (_end = .)
                0x2000bdd0                        . = (. + _Min_Heap_Size)
 *fill*         0x2000bbd0      0x200 
                0x2000c1d0                        . = (. + _Min_Stack_Size)
 *fill*         0x2000bdd0      0x400 
                0x2000c1d0                        . = ALIGN (0x8)

/DISCARD/
 libc.a(*)
 libm.a(*)
 libgcc.a(*)

.ARM.attributes
                0x00000000       0x2e
 *(.ARM.attributes)
 .ARM.attributes
                0x00000000       0x20 /home/hojoon/st/stm32cubeide_1.14.0/plugins/com.st.stm32cube.ide.mcu.externaltools.gnu-tools-for-stm32.12.3.rel1.linux64_1.0.100.202403111256/tools/bin/../lib/gcc/arm-none-eabi/12.3.1/thumb/v7e-m+dp/hard/crti.o
 .ARM.attributes
                0x00000020       0x32 /home/hojoon/st/stm32cubeide_1.14.0/plugins/com.st.stm32cube.ide.mcu.externaltools.gnu-tools-for-stm32.12.3.rel1.linux64_1.0.100.202403111256/tools/bin/../lib/gcc/arm-none-eabi/12.3.1/thumb/v7e-m+dp/hard/crtbegin.o
 .ARM.attributes
                0x00000052       0x32 ./Core/Src/main.o
 .ARM.attributes
                0x00000084       0x32 ./Core/Src/stm32f7xx_hal_msp.o
 .ARM.attributes
                0x000000b6       0x32 ./Core/Src/stm32f7xx_hal_timebase_tim.o
 .ARM.attributes
                0x000000e8       0x32 ./Core/Src/stm32f7xx_it.o
 .ARM.attributes
                0x0000011a       0x32 ./Core/Src/syscalls.o
 .ARM.attributes
                0x0000014c       0x32 ./Core/Src/system_stm32f7xx.o
 .ARM.attributes
                0x0000017e       0x21 ./Core/Startup/startup_stm32f767zitx.o
 .ARM.attributes
                0x0000019f       0x32 ./Drivers/STM32F7xx_HAL_Driver/Src/stm32f7xx_hal.o
 .ARM.attributes
                0x000001d1       0x32 ./Drivers/STM32F7xx_HAL_Driver/Src/stm32f7xx_hal_cortex.o
 .ARM.attributes
                0x00000203       0x32 ./Drivers/STM32F7xx_HAL_Driver/Src/stm32f7xx_hal_gpio.o
 .ARM.attributes
                0x00000235       0x32 ./Drivers/STM32F7xx_HAL_Driver/Src/stm32f7xx_hal_rcc.o
 .ARM.attributes
                0x00000267       0x32 ./Drivers/STM32F7xx_HAL_Driver/Src/stm32f7xx_hal_tim.o
 .ARM.attributes
                0x00000299       0x32 ./Drivers/STM32F7xx_HAL_Driver/Src/stm32f7xx_hal_tim_ex.o
 .ARM.attributes
                0x000002cb       0x32 ./ThirdParty/FreeRTOS/list.o
 .ARM.attributes
                0x000002fd       0x32 ./ThirdParty/FreeRTOS/queue.o
 .ARM.attributes
                0x0000032f       0x32 ./ThirdParty/FreeRTOS/tasks.o
 .ARM.attributes
                0x00000361       0x32 ./ThirdParty/FreeRTOS/timers.o
 .ARM.attributes
                0x00000393       0x32 ./ThirdParty/FreeRTOS/portable/GCC/ARM_CM7/r0p1/port.o
 .ARM.attributes
                0x000003c5       0x32 ./ThirdParty/FreeRTOS/portable/MemMang/heap_4.o
 .ARM.attributes
                0x000003f7       0x32 /home/hojoon/st/stm32cubeide_1.14.0/plugins/com.st.stm32cube.ide.mcu.externaltools.gnu-tools-for-stm32.12.3.rel1.linux64_1.0.100.202403111256/tools/bin/../lib/gcc/arm-none-eabi/12.3.1/../../../../arm-none-eabi/lib/thumb/v7e-m+dp/hard/libc_nano.a(libc_a-findfp.o)
 .ARM.attributes
                0x00000429       0x32 /home/hojoon/st/stm32cubeide_1.14.0/plugins/com.st.stm32cube.ide.mcu.externaltools.gnu-tools-for-stm32.12.3.rel1.linux64_1.0.100.202403111256/tools/bin/../lib/gcc/arm-none-eabi/12.3.1/../../../../arm-none-eabi/lib/thumb/v7e-m+dp/hard/libc_nano.a(libc_a-fwalk.o)
 .ARM.attributes
                0x0000045b       0x32 /home/hojoon/st/stm32cubeide_1.14.0/plugins/com.st.stm32cube.ide.mcu.externaltools.gnu-tools-for-stm32.12.3.rel1.linux64_1.0.100.202403111256/tools/bin/../lib/gcc/arm-none-eabi/12.3.1/../../../../arm-none-eabi/lib/thumb/v7e-m+dp/hard/libc_nano.a(libc_a-puts.o)
 .ARM.attributes
                0x0000048d       0x32 /home/hojoon/st/stm32cubeide_1.14.0/plugins/com.st.stm32cube.ide.mcu.externaltools.gnu-tools-for-stm32.12.3.rel1.linux64_1.0.100.202403111256/tools/bin/../lib/gcc/arm-none-eabi/12.3.1/../../../../arm-none-eabi/lib/thumb/v7e-m+dp/hard/libc_nano.a(libc_a-stdio.o)
 .ARM.attributes
                0x000004bf       0x32 /home/hojoon/st/stm32cubeide_1.14.0/plugins/com.st.stm32cube.ide.mcu.externaltools.gnu-tools-for-stm32.12.3.rel1.linux64_1.0.100.202403111256/tools/bin/../lib/gcc/arm-none-eabi/12.3.1/../../../../arm-none-eabi/lib/thumb/v7e-m+dp/hard/libc_nano.a(libc_a-wbuf.o)
 .ARM.attributes
                0x000004f1       0x32 /home/hojoon/st/stm32cubeide_1.14.0/plugins/com.st.stm32cube.ide.mcu.externaltools.gnu-tools-for-stm32.12.3.rel1.linux64_1.0.100.202403111256/tools/bin/../lib/gcc/arm-none-eabi/12.3.1/../../../../arm-none-eabi/lib/thumb/v7e-m+dp/hard/libc_nano.a(libc_a-wsetup.o)
 .ARM.attributes
                0x00000523       0x32 /home/hojoon/st/stm32cubeide_1.14.0/plugins/com.st.stm32cube.ide.mcu.externaltools.gnu-tools-for-stm32.12.3.rel1.linux64_1.0.100.202403111256/tools/bin/../lib/gcc/arm-none-eabi/12.3.1/../../../../arm-none-eabi/lib/thumb/v7e-m+dp/hard/libc_nano.a(libc_a-memset.o)
 .ARM.attributes
                0x00000555       0x32 /home/hojoon/st/stm32cubeide_1.14.0/plugins/com.st.stm32cube.ide.mcu.externaltools.gnu-tools-for-stm32.12.3.rel1.linux64_1.0.100.202403111256/tools/bin/../lib/gcc/arm-none-eabi/12.3.1/../../../../arm-none-eabi/lib/thumb/v7e-m+dp/hard/libc_nano.a(libc_a-closer.o)
 .ARM.attributes
                0x00000587       0x32 /home/hojoon/st/stm32cubeide_1.14.0/plugins/com.st.stm32cube.ide.mcu.externaltools.gnu-tools-for-stm32.12.3.rel1.linux64_1.0.100.202403111256/tools/bin/../lib/gcc/arm-none-eabi/12.3.1/../../../../arm-none-eabi/lib/thumb/v7e-m+dp/hard/libc_nano.a(libc_a-reent.o)
 .ARM.attributes
                0x000005b9       0x32 /home/hojoon/st/stm32cubeide_1.14.0/plugins/com.st.stm32cube.ide.mcu.externaltools.gnu-tools-for-stm32.12.3.rel1.linux64_1.0.100.202403111256/tools/bin/../lib/gcc/arm-none-eabi/12.3.1/../../../../arm-none-eabi/lib/thumb/v7e-m+dp/hard/libc_nano.a(libc_a-impure.o)
 .ARM.attributes
                0x000005eb       0x32 /home/hojoon/st/stm32cubeide_1.14.0/plugins/com.st.stm32cube.ide.mcu.externaltools.gnu-tools-for-stm32.12.3.rel1.linux64_1.0.100.202403111256/tools/bin/../lib/gcc/arm-none-eabi/12.3.1/../../../../arm-none-eabi/lib/thumb/v7e-m+dp/hard/libc_nano.a(libc_a-lseekr.o)
 .ARM.attributes
                0x0000061d       0x32 /home/hojoon/st/stm32cubeide_1.14.0/plugins/com.st.stm32cube.ide.mcu.externaltools.gnu-tools-for-stm32.12.3.rel1.linux64_1.0.100.202403111256/tools/bin/../lib/gcc/arm-none-eabi/12.3.1/../../../../arm-none-eabi/lib/thumb/v7e-m+dp/hard/libc_nano.a(libc_a-readr.o)
 .ARM.attributes
                0x0000064f       0x32 /home/hojoon/st/stm32cubeide_1.14.0/plugins/com.st.stm32cube.ide.mcu.externaltools.gnu-tools-for-stm32.12.3.rel1.linux64_1.0.100.202403111256/tools/bin/../lib/gcc/arm-none-eabi/12.3.1/../../../../arm-none-eabi/lib/thumb/v7e-m+dp/hard/libc_nano.a(libc_a-writer.o)
 .ARM.attributes
                0x00000681       0x32 /home/hojoon/st/stm32cubeide_1.14.0/plugins/com.st.stm32cube.ide.mcu.externaltools.gnu-tools-for-stm32.12.3.rel1.linux64_1.0.100.202403111256/tools/bin/../lib/gcc/arm-none-eabi/12.3.1/../../../../arm-none-eabi/lib/thumb/v7e-m+dp/hard/libc_nano.a(libc_a-init.o)
 .ARM.attributes
                0x000006b3       0x32 /home/hojoon/st/stm32cubeide_1.14.0/plugins/com.st.stm32cube.ide.mcu.externaltools.gnu-tools-for-stm32.12.3.rel1.linux64_1.0.100.202403111256/tools/bin/../lib/gcc/arm-none-eabi/12.3.1/../../../../arm-none-eabi/lib/thumb/v7e-m+dp/hard/libc_nano.a(libc_a-lock.o)
 .ARM.attributes
                0x000006e5       0x32 /home/hojoon/st/stm32cubeide_1.14.0/plugins/com.st.stm32cube.ide.mcu.externaltools.gnu-tools-for-stm32.12.3.rel1.linux64_1.0.100.202403111256/tools/bin/../lib/gcc/arm-none-eabi/12.3.1/../../../../arm-none-eabi/lib/thumb/v7e-m+dp/hard/libc_nano.a(libc_a-memcpy-stub.o)
 .ARM.attributes
                0x00000717       0x32 /home/hojoon/st/stm32cubeide_1.14.0/plugins/com.st.stm32cube.ide.mcu.externaltools.gnu-tools-for-stm32.12.3.rel1.linux64_1.0.100.202403111256/tools/bin/../lib/gcc/arm-none-eabi/12.3.1/../../../../arm-none-eabi/lib/thumb/v7e-m+dp/hard/libc_nano.a(libc_a-freer.o)
 .ARM.attributes
                0x00000749       0x32 /home/hojoon/st/stm32cubeide_1.14.0/plugins/com.st.stm32cube.ide.mcu.externaltools.gnu-tools-for-stm32.12.3.rel1.linux64_1.0.100.202403111256/tools/bin/../lib/gcc/arm-none-eabi/12.3.1/../../../../arm-none-eabi/lib/thumb/v7e-m+dp/hard/libc_nano.a(libc_a-mallocr.o)
 .ARM.attributes
                0x0000077b       0x32 /home/hojoon/st/stm32cubeide_1.14.0/plugins/com.st.stm32cube.ide.mcu.externaltools.gnu-tools-for-stm32.12.3.rel1.linux64_1.0.100.202403111256/tools/bin/../lib/gcc/arm-none-eabi/12.3.1/../../../../arm-none-eabi/lib/thumb/v7e-m+dp/hard/libc_nano.a(libc_a-mlock.o)
 .ARM.attributes
                0x000007ad       0x32 /home/hojoon/st/stm32cubeide_1.14.0/plugins/com.st.stm32cube.ide.mcu.externaltools.gnu-tools-for-stm32.12.3.rel1.linux64_1.0.100.202403111256/tools/bin/../lib/gcc/arm-none-eabi/12.3.1/../../../../arm-none-eabi/lib/thumb/v7e-m+dp/hard/libc_nano.a(libc_a-fflush.o)
 .ARM.attributes
                0x000007df       0x32 /home/hojoon/st/stm32cubeide_1.14.0/plugins/com.st.stm32cube.ide.mcu.externaltools.gnu-tools-for-stm32.12.3.rel1.linux64_1.0.100.202403111256/tools/bin/../lib/gcc/arm-none-eabi/12.3.1/../../../../arm-none-eabi/lib/thumb/v7e-m+dp/hard/libc_nano.a(libc_a-makebuf.o)
 .ARM.attributes
                0x00000811       0x32 /home/hojoon/st/stm32cubeide_1.14.0/plugins/com.st.stm32cube.ide.mcu.externaltools.gnu-tools-for-stm32.12.3.rel1.linux64_1.0.100.202403111256/tools/bin/../lib/gcc/arm-none-eabi/12.3.1/../../../../arm-none-eabi/lib/thumb/v7e-m+dp/hard/libc_nano.a(libc_a-fstatr.o)
 .ARM.attributes
                0x00000843       0x32 /home/hojoon/st/stm32cubeide_1.14.0/plugins/com.st.stm32cube.ide.mcu.externaltools.gnu-tools-for-stm32.12.3.rel1.linux64_1.0.100.202403111256/tools/bin/../lib/gcc/arm-none-eabi/12.3.1/../../../../arm-none-eabi/lib/thumb/v7e-m+dp/hard/libc_nano.a(libc_a-isattyr.o)
 .ARM.attributes
                0x00000875       0x32 /home/hojoon/st/stm32cubeide_1.14.0/plugins/com.st.stm32cube.ide.mcu.externaltools.gnu-tools-for-stm32.12.3.rel1.linux64_1.0.100.202403111256/tools/bin/../lib/gcc/arm-none-eabi/12.3.1/../../../../arm-none-eabi/lib/thumb/v7e-m+dp/hard/libc_nano.a(libc_a-sbrkr.o)
 .ARM.attributes
                0x000008a7       0x20 /home/hojoon/st/stm32cubeide_1.14.0/plugins/com.st.stm32cube.ide.mcu.externaltools.gnu-tools-for-stm32.12.3.rel1.linux64_1.0.100.202403111256/tools/bin/../lib/gcc/arm-none-eabi/12.3.1/thumb/v7e-m+dp/hard/libgcc.a(_aeabi_uldivmod.o)
 .ARM.attributes
                0x000008c7       0x32 /home/hojoon/st/stm32cubeide_1.14.0/plugins/com.st.stm32cube.ide.mcu.externaltools.gnu-tools-for-stm32.12.3.rel1.linux64_1.0.100.202403111256/tools/bin/../lib/gcc/arm-none-eabi/12.3.1/thumb/v7e-m+dp/hard/libgcc.a(_udivmoddi4.o)
 .ARM.attributes
                0x000008f9       0x20 /home/hojoon/st/stm32cubeide_1.14.0/plugins/com.st.stm32cube.ide.mcu.externaltools.gnu-tools-for-stm32.12.3.rel1.linux64_1.0.100.202403111256/tools/bin/../lib/gcc/arm-none-eabi/12.3.1/thumb/v7e-m+dp/hard/libgcc.a(_dvmd_tls.o)
 .ARM.attributes
                0x00000919       0x32 /home/hojoon/st/stm32cubeide_1.14.0/plugins/com.st.stm32cube.ide.mcu.externaltools.gnu-tools-for-stm32.12.3.rel1.linux64_1.0.100.202403111256/tools/bin/../lib/gcc/arm-none-eabi/12.3.1/../../../../arm-none-eabi/lib/thumb/v7e-m+dp/hard/libnosys.a(sbrk.o)
 .ARM.attributes
                0x0000094b       0x20 /home/hojoon/st/stm32cubeide_1.14.0/plugins/com.st.stm32cube.ide.mcu.externaltools.gnu-tools-for-stm32.12.3.rel1.linux64_1.0.100.202403111256/tools/bin/../lib/gcc/arm-none-eabi/12.3.1/thumb/v7e-m+dp/hard/crtn.o
OUTPUT(001Tasks.elf elf32-littlearm)
LOAD linker stubs
LOAD /home/hojoon/st/stm32cubeide_1.14.0/plugins/com.st.stm32cube.ide.mcu.externaltools.gnu-tools-for-stm32.12.3.rel1.linux64_1.0.100.202403111256/tools/bin/../lib/gcc/arm-none-eabi/12.3.1/../../../../arm-none-eabi/lib/thumb/v7e-m+dp/hard/libc.a
LOAD /home/hojoon/st/stm32cubeide_1.14.0/plugins/com.st.stm32cube.ide.mcu.externaltools.gnu-tools-for-stm32.12.3.rel1.linux64_1.0.100.202403111256/tools/bin/../lib/gcc/arm-none-eabi/12.3.1/../../../../arm-none-eabi/lib/thumb/v7e-m+dp/hard/libm.a
LOAD /home/hojoon/st/stm32cubeide_1.14.0/plugins/com.st.stm32cube.ide.mcu.externaltools.gnu-tools-for-stm32.12.3.rel1.linux64_1.0.100.202403111256/tools/bin/../lib/gcc/arm-none-eabi/12.3.1/thumb/v7e-m+dp/hard/libgcc.a

.debug_info     0x00000000     0xfb23
 .debug_info    0x00000000      0xf0b ./Core/Src/main.o
 .debug_info    0x00000f0b      0x28d ./Core/Src/stm32f7xx_hal_msp.o
 .debug_info    0x00001198      0xd1d ./Core/Src/stm32f7xx_hal_timebase_tim.o
 .debug_info    0x00001eb5      0x70e ./Core/Src/stm32f7xx_it.o
 .debug_info    0x000025c3      0x6d1 ./Core/Src/syscalls.o
 .debug_info    0x00002c94      0x6ed ./Core/Src/system_stm32f7xx.o
 .debug_info    0x00003381       0x30 ./Core/Startup/startup_stm32f767zitx.o
 .debug_info    0x000033b1      0xa4c ./Drivers/STM32F7xx_HAL_Driver/Src/stm32f7xx_hal.o
 .debug_info    0x00003dfd      0xf8b ./Drivers/STM32F7xx_HAL_Driver/Src/stm32f7xx_hal_cortex.o
 .debug_info    0x00004d88      0x6f3 ./Drivers/STM32F7xx_HAL_Driver/Src/stm32f7xx_hal_gpio.o
 .debug_info    0x0000547b      0x937 ./Drivers/STM32F7xx_HAL_Driver/Src/stm32f7xx_hal_rcc.o
 .debug_info    0x00005db2     0x2ab2 ./Drivers/STM32F7xx_HAL_Driver/Src/stm32f7xx_hal_tim.o
 .debug_info    0x00008864     0x16bb ./Drivers/STM32F7xx_HAL_Driver/Src/stm32f7xx_hal_tim_ex.o
 .debug_info    0x00009f1f      0x2af ./ThirdParty/FreeRTOS/list.o
 .debug_info    0x0000a1ce     0x1aba ./ThirdParty/FreeRTOS/queue.o
 .debug_info    0x0000bc88     0x24f3 ./ThirdParty/FreeRTOS/tasks.o
 .debug_info    0x0000e17b      0xfd4 ./ThirdParty/FreeRTOS/timers.o
 .debug_info    0x0000f14f      0x4b3 ./ThirdParty/FreeRTOS/portable/GCC/ARM_CM7/r0p1/port.o
 .debug_info    0x0000f602      0x521 ./ThirdParty/FreeRTOS/portable/MemMang/heap_4.o

.debug_abbrev   0x00000000     0x2857
 .debug_abbrev  0x00000000      0x2f5 ./Core/Src/main.o
 .debug_abbrev  0x000002f5       0xd8 ./Core/Src/stm32f7xx_hal_msp.o
 .debug_abbrev  0x000003cd      0x1f4 ./Core/Src/stm32f7xx_hal_timebase_tim.o
 .debug_abbrev  0x000005c1      0x17d ./Core/Src/stm32f7xx_it.o
 .debug_abbrev  0x0000073e      0x1b1 ./Core/Src/syscalls.o
 .debug_abbrev  0x000008ef      0x13b ./Core/Src/system_stm32f7xx.o
 .debug_abbrev  0x00000a2a       0x24 ./Core/Startup/startup_stm32f767zitx.o
 .debug_abbrev  0x00000a4e      0x213 ./Drivers/STM32F7xx_HAL_Driver/Src/stm32f7xx_hal.o
 .debug_abbrev  0x00000c61      0x329 ./Drivers/STM32F7xx_HAL_Driver/Src/stm32f7xx_hal_cortex.o
 .debug_abbrev  0x00000f8a      0x1d4 ./Drivers/STM32F7xx_HAL_Driver/Src/stm32f7xx_hal_gpio.o
 .debug_abbrev  0x0000115e      0x2de ./Drivers/STM32F7xx_HAL_Driver/Src/stm32f7xx_hal_rcc.o
 .debug_abbrev  0x0000143c      0x278 ./Drivers/STM32F7xx_HAL_Driver/Src/stm32f7xx_hal_tim.o
 .debug_abbrev  0x000016b4      0x283 ./Drivers/STM32F7xx_HAL_Driver/Src/stm32f7xx_hal_tim_ex.o
 .debug_abbrev  0x00001937       0xf5 ./ThirdParty/FreeRTOS/list.o
 .debug_abbrev  0x00001a2c      0x322 ./ThirdParty/FreeRTOS/queue.o
 .debug_abbrev  0x00001d4e      0x384 ./ThirdParty/FreeRTOS/tasks.o
 .debug_abbrev  0x000020d2      0x2d7 ./ThirdParty/FreeRTOS/timers.o
 .debug_abbrev  0x000023a9      0x258 ./ThirdParty/FreeRTOS/portable/GCC/ARM_CM7/r0p1/port.o
 .debug_abbrev  0x00002601      0x256 ./ThirdParty/FreeRTOS/portable/MemMang/heap_4.o

.debug_aranges  0x00000000      0xfd8
 .debug_aranges
                0x00000000       0x50 ./Core/Src/main.o
 .debug_aranges
                0x00000050       0x20 ./Core/Src/stm32f7xx_hal_msp.o
 .debug_aranges
                0x00000070       0x30 ./Core/Src/stm32f7xx_hal_timebase_tim.o
 .debug_aranges
                0x000000a0       0x50 ./Core/Src/stm32f7xx_it.o
 .debug_aranges
                0x000000f0       0xb0 ./Core/Src/syscalls.o
 .debug_aranges
                0x000001a0       0x28 ./Core/Src/system_stm32f7xx.o
 .debug_aranges
                0x000001c8       0x28 ./Core/Startup/startup_stm32f767zitx.o
 .debug_aranges
                0x000001f0      0x110 ./Drivers/STM32F7xx_HAL_Driver/Src/stm32f7xx_hal.o
 .debug_aranges
                0x00000300      0x118 ./Drivers/STM32F7xx_HAL_Driver/Src/stm32f7xx_hal_cortex.o
 .debug_aranges
                0x00000418       0x58 ./Drivers/STM32F7xx_HAL_Driver/Src/stm32f7xx_hal_gpio.o
 .debug_aranges
                0x00000470       0x88 ./Drivers/STM32F7xx_HAL_Driver/Src/stm32f7xx_hal_rcc.o
 .debug_aranges
                0x000004f8      0x3e0 ./Drivers/STM32F7xx_HAL_Driver/Src/stm32f7xx_hal_tim.o
 .debug_aranges
                0x000008d8      0x180 ./Drivers/STM32F7xx_HAL_Driver/Src/stm32f7xx_hal_tim_ex.o
 .debug_aranges
                0x00000a58       0x40 ./ThirdParty/FreeRTOS/list.o
 .debug_aranges
                0x00000a98      0x160 ./ThirdParty/FreeRTOS/queue.o
 .debug_aranges
                0x00000bf8      0x208 ./ThirdParty/FreeRTOS/tasks.o
 .debug_aranges
                0x00000e00       0xf8 ./ThirdParty/FreeRTOS/timers.o
 .debug_aranges
                0x00000ef8       0x80 ./ThirdParty/FreeRTOS/portable/GCC/ARM_CM7/r0p1/port.o
 .debug_aranges
                0x00000f78       0x60 ./ThirdParty/FreeRTOS/portable/MemMang/heap_4.o

.debug_rnglists
                0x00000000      0xc2d
 .debug_rnglists
                0x00000000       0x3a ./Core/Src/main.o
 .debug_rnglists
                0x0000003a       0x13 ./Core/Src/stm32f7xx_hal_msp.o
 .debug_rnglists
                0x0000004d       0x20 ./Core/Src/stm32f7xx_hal_timebase_tim.o
 .debug_rnglists
                0x0000006d       0x37 ./Core/Src/stm32f7xx_it.o
 .debug_rnglists
                0x000000a4       0x7f ./Core/Src/syscalls.o
 .debug_rnglists
                0x00000123       0x1a ./Core/Src/system_stm32f7xx.o
 .debug_rnglists
                0x0000013d       0x19 ./Core/Startup/startup_stm32f767zitx.o
 .debug_rnglists
                0x00000156       0xc7 ./Drivers/STM32F7xx_HAL_Driver/Src/stm32f7xx_hal.o
 .debug_rnglists
                0x0000021d       0xce ./Drivers/STM32F7xx_HAL_Driver/Src/stm32f7xx_hal_cortex.o
 .debug_rnglists
                0x000002eb       0x3f ./Drivers/STM32F7xx_HAL_Driver/Src/stm32f7xx_hal_gpio.o
 .debug_rnglists
                0x0000032a       0x67 ./Drivers/STM32F7xx_HAL_Driver/Src/stm32f7xx_hal_rcc.o
 .debug_rnglists
                0x00000391      0x328 ./Drivers/STM32F7xx_HAL_Driver/Src/stm32f7xx_hal_tim.o
 .debug_rnglists
                0x000006b9      0x138 ./Drivers/STM32F7xx_HAL_Driver/Src/stm32f7xx_hal_tim_ex.o
 .debug_rnglists
                0x000007f1       0x2b ./ThirdParty/FreeRTOS/list.o
 .debug_rnglists
                0x0000081c      0x111 ./ThirdParty/FreeRTOS/queue.o
 .debug_rnglists
                0x0000092d      0x1a2 ./ThirdParty/FreeRTOS/tasks.o
 .debug_rnglists
                0x00000acf       0xb9 ./ThirdParty/FreeRTOS/timers.o
 .debug_rnglists
                0x00000b88       0x5d ./ThirdParty/FreeRTOS/portable/GCC/ARM_CM7/r0p1/port.o
 .debug_rnglists
                0x00000be5       0x48 ./ThirdParty/FreeRTOS/portable/MemMang/heap_4.o

.debug_macro    0x00000000    0x29c84
 .debug_macro   0x00000000      0x323 ./Core/Src/main.o
 .debug_macro   0x00000323      0xacc ./Core/Src/main.o
 .debug_macro   0x00000def      0x28d ./Core/Src/main.o
 .debug_macro   0x0000107c       0x2e ./Core/Src/main.o
 .debug_macro   0x000010aa       0x3b ./Core/Src/main.o
 .debug_macro   0x000010e5       0x22 ./Core/Src/main.o
 .debug_macro   0x00001107       0x8e ./Core/Src/main.o
 .debug_macro   0x00001195       0x51 ./Core/Src/main.o
 .debug_macro   0x000011e6      0x103 ./Core/Src/main.o
 .debug_macro   0x000012e9       0x6a ./Core/Src/main.o
 .debug_macro   0x00001353      0x1df ./Core/Src/main.o
 .debug_macro   0x00001532       0x1c ./Core/Src/main.o
 .debug_macro   0x0000154e       0x22 ./Core/Src/main.o
 .debug_macro   0x00001570       0xd9 ./Core/Src/main.o
 .debug_macro   0x00001649     0x12cd ./Core/Src/main.o
 .debug_macro   0x00002916      0x11f ./Core/Src/main.o
 .debug_macro   0x00002a35       0x19 ./Core/Src/main.o
 .debug_macro   0x00002a4e    0x1aa0d ./Core/Src/main.o
 .debug_macro   0x0001d45b       0x6d ./Core/Src/main.o
 .debug_macro   0x0001d4c8     0x3749 ./Core/Src/main.o
 .debug_macro   0x00020c11      0x189 ./Core/Src/main.o
 .debug_macro   0x00020d9a       0x63 ./Core/Src/main.o
 .debug_macro   0x00020dfd     0x1add ./Core/Src/main.o
 .debug_macro   0x000228da      0x6c4 ./Core/Src/main.o
 .debug_macro   0x00022f9e      0x18b ./Core/Src/main.o
 .debug_macro   0x00023129      0x115 ./Core/Src/main.o
 .debug_macro   0x0002323e      0x26e ./Core/Src/main.o
 .debug_macro   0x000234ac       0xa5 ./Core/Src/main.o
 .debug_macro   0x00023551      0x24f ./Core/Src/main.o
 .debug_macro   0x000237a0       0x71 ./Core/Src/main.o
 .debug_macro   0x00023811       0x58 ./Core/Src/main.o
 .debug_macro   0x00023869      0x236 ./Core/Src/main.o
 .debug_macro   0x00023a9f      0x14e ./Core/Src/main.o
 .debug_macro   0x00023bed      0x3db ./Core/Src/main.o
 .debug_macro   0x00023fc8       0x12 ./Core/Src/main.o
 .debug_macro   0x00023fda      0x22c ./Core/Src/main.o
 .debug_macro   0x00024206       0x61 ./Core/Src/main.o
 .debug_macro   0x00024267       0xa5 ./Core/Src/main.o
 .debug_macro   0x0002430c      0x12e ./Core/Src/main.o
 .debug_macro   0x0002443a      0x108 ./Core/Src/main.o
 .debug_macro   0x00024542       0x35 ./Core/Src/main.o
 .debug_macro   0x00024577      0xa8a ./Core/Src/main.o
 .debug_macro   0x00025001       0xa9 ./Core/Src/main.o
 .debug_macro   0x000250aa      0x15b ./Core/Src/main.o
 .debug_macro   0x00025205      0x13c ./Core/Src/main.o
 .debug_macro   0x00025341       0x61 ./Core/Src/main.o
 .debug_macro   0x000253a2       0x29 ./Core/Src/main.o
 .debug_macro   0x000253cb       0x43 ./Core/Src/main.o
 .debug_macro   0x0002540e       0x34 ./Core/Src/main.o
 .debug_macro   0x00025442       0x16 ./Core/Src/main.o
 .debug_macro   0x00025458       0x35 ./Core/Src/main.o
 .debug_macro   0x0002548d      0x369 ./Core/Src/main.o
 .debug_macro   0x000257f6       0x10 ./Core/Src/main.o
 .debug_macro   0x00025806       0x16 ./Core/Src/main.o
 .debug_macro   0x0002581c       0x43 ./Core/Src/main.o
 .debug_macro   0x0002585f       0x34 ./Core/Src/main.o
 .debug_macro   0x00025893       0x10 ./Core/Src/main.o
 .debug_macro   0x000258a3       0x58 ./Core/Src/main.o
 .debug_macro   0x000258fb       0x8e ./Core/Src/main.o
 .debug_macro   0x00025989       0x1c ./Core/Src/main.o
 .debug_macro   0x000259a5      0x177 ./Core/Src/main.o
 .debug_macro   0x00025b1c       0x16 ./Core/Src/main.o
 .debug_macro   0x00025b32       0x16 ./Core/Src/main.o
 .debug_macro   0x00025b48      0x146 ./Core/Src/main.o
 .debug_macro   0x00025c8e      0x11f ./Core/Src/main.o
 .debug_macro   0x00025dad      0x15a ./Core/Src/main.o
 .debug_macro   0x00025f07       0xe4 ./Core/Src/main.o
 .debug_macro   0x00025feb       0x28 ./Core/Src/main.o
 .debug_macro   0x00026013       0x1f ./Core/Src/main.o
 .debug_macro   0x00026032       0x12 ./Core/Src/main.o
 .debug_macro   0x00026044      0x50a ./Core/Src/main.o
 .debug_macro   0x0002654e       0xc3 ./Core/Src/main.o
 .debug_macro   0x00026611      0x120 ./Core/Src/main.o
 .debug_macro   0x00026731      0x1de ./Core/Src/stm32f7xx_hal_msp.o
 .debug_macro   0x0002690f      0x1cf ./Core/Src/stm32f7xx_hal_timebase_tim.o
 .debug_macro   0x00026ade      0x1e8 ./Core/Src/stm32f7xx_it.o
 .debug_macro   0x00026cc6      0x286 ./Core/Src/syscalls.o
 .debug_macro   0x00026f4c       0x5b ./Core/Src/syscalls.o
 .debug_macro   0x00026fa7       0x94 ./Core/Src/syscalls.o
 .debug_macro   0x0002703b       0x57 ./Core/Src/syscalls.o
 .debug_macro   0x00027092       0x10 ./Core/Src/syscalls.o
 .debug_macro   0x000270a2       0x10 ./Core/Src/syscalls.o
 .debug_macro   0x000270b2       0x10 ./Core/Src/syscalls.o
 .debug_macro   0x000270c2       0x10 ./Core/Src/syscalls.o
 .debug_macro   0x000270d2       0x1c ./Core/Src/syscalls.o
 .debug_macro   0x000270ee       0x52 ./Core/Src/syscalls.o
 .debug_macro   0x00027140       0x22 ./Core/Src/syscalls.o
 .debug_macro   0x00027162       0x10 ./Core/Src/syscalls.o
 .debug_macro   0x00027172       0x52 ./Core/Src/syscalls.o
 .debug_macro   0x000271c4       0xcf ./Core/Src/syscalls.o
 .debug_macro   0x00027293       0x1c ./Core/Src/syscalls.o
 .debug_macro   0x000272af       0x3d ./Core/Src/syscalls.o
 .debug_macro   0x000272ec       0x35 ./Core/Src/syscalls.o
 .debug_macro   0x00027321      0x12c ./Core/Src/syscalls.o
 .debug_macro   0x0002744d       0x16 ./Core/Src/syscalls.o
 .debug_macro   0x00027463       0x16 ./Core/Src/syscalls.o
 .debug_macro   0x00027479       0x29 ./Core/Src/syscalls.o
 .debug_macro   0x000274a2       0x10 ./Core/Src/syscalls.o
 .debug_macro   0x000274b2      0x242 ./Core/Src/syscalls.o
 .debug_macro   0x000276f4       0x1c ./Core/Src/syscalls.o
 .debug_macro   0x00027710       0x10 ./Core/Src/syscalls.o
 .debug_macro   0x00027720      0x18a ./Core/Src/syscalls.o
 .debug_macro   0x000278aa       0x16 ./Core/Src/syscalls.o
 .debug_macro   0x000278c0       0xce ./Core/Src/syscalls.o
 .debug_macro   0x0002798e      0x1cf ./Core/Src/system_stm32f7xx.o
 .debug_macro   0x00027b5d      0x1f3 ./Drivers/STM32F7xx_HAL_Driver/Src/stm32f7xx_hal.o
 .debug_macro   0x00027d50      0x1cf ./Drivers/STM32F7xx_HAL_Driver/Src/stm32f7xx_hal_cortex.o
 .debug_macro   0x00027f1f      0x1d5 ./Drivers/STM32F7xx_HAL_Driver/Src/stm32f7xx_hal_gpio.o
 .debug_macro   0x000280f4      0x1f3 ./Drivers/STM32F7xx_HAL_Driver/Src/stm32f7xx_hal_rcc.o
 .debug_macro   0x000282e7      0x1d0 ./Drivers/STM32F7xx_HAL_Driver/Src/stm32f7xx_hal_tim.o
 .debug_macro   0x000284b7      0x1cf ./Drivers/STM32F7xx_HAL_Driver/Src/stm32f7xx_hal_tim_ex.o
 .debug_macro   0x00028686      0x300 ./ThirdParty/FreeRTOS/list.o
 .debug_macro   0x00028986      0x397 ./ThirdParty/FreeRTOS/queue.o
 .debug_macro   0x00028d1d       0x16 ./ThirdParty/FreeRTOS/queue.o
 .debug_macro   0x00028d33       0x20 ./ThirdParty/FreeRTOS/queue.o
 .debug_macro   0x00028d53       0x80 ./ThirdParty/FreeRTOS/queue.o
 .debug_macro   0x00028dd3      0x41a ./ThirdParty/FreeRTOS/tasks.o
 .debug_macro   0x000291ed       0x17 ./ThirdParty/FreeRTOS/tasks.o
 .debug_macro   0x00029204       0x1c ./ThirdParty/FreeRTOS/tasks.o
 .debug_macro   0x00029220      0x34f ./ThirdParty/FreeRTOS/timers.o
 .debug_macro   0x0002956f       0x97 ./ThirdParty/FreeRTOS/timers.o
 .debug_macro   0x00029606      0x2fd ./ThirdParty/FreeRTOS/portable/GCC/ARM_CM7/r0p1/port.o
 .debug_macro   0x00029903      0x381 ./ThirdParty/FreeRTOS/portable/MemMang/heap_4.o

.debug_line     0x00000000    0x129a5
 .debug_line    0x00000000      0xb46 ./Core/Src/main.o
 .debug_line    0x00000b46      0x6ab ./Core/Src/stm32f7xx_hal_msp.o
 .debug_line    0x000011f1      0x727 ./Core/Src/stm32f7xx_hal_timebase_tim.o
 .debug_line    0x00001918      0x748 ./Core/Src/stm32f7xx_it.o
 .debug_line    0x00002060      0x84a ./Core/Src/syscalls.o
 .debug_line    0x000028aa      0x72e ./Core/Src/system_stm32f7xx.o
 .debug_line    0x00002fd8       0x7a ./Core/Startup/startup_stm32f767zitx.o
 .debug_line    0x00003052      0x9fe ./Drivers/STM32F7xx_HAL_Driver/Src/stm32f7xx_hal.o
 .debug_line    0x00003a50      0xc46 ./Drivers/STM32F7xx_HAL_Driver/Src/stm32f7xx_hal_cortex.o
 .debug_line    0x00004696      0xb4e ./Drivers/STM32F7xx_HAL_Driver/Src/stm32f7xx_hal_gpio.o
 .debug_line    0x000051e4      0xe2e ./Drivers/STM32F7xx_HAL_Driver/Src/stm32f7xx_hal_rcc.o
 .debug_line    0x00006012     0x3c65 ./Drivers/STM32F7xx_HAL_Driver/Src/stm32f7xx_hal_tim.o
 .debug_line    0x00009c77     0x1ba3 ./Drivers/STM32F7xx_HAL_Driver/Src/stm32f7xx_hal_tim_ex.o
 .debug_line    0x0000b81a      0xa82 ./ThirdParty/FreeRTOS/list.o
 .debug_line    0x0000c29c     0x1ba2 ./ThirdParty/FreeRTOS/queue.o
 .debug_line    0x0000de3e     0x2272 ./ThirdParty/FreeRTOS/tasks.o
 .debug_line    0x000100b0     0x107a ./ThirdParty/FreeRTOS/timers.o
 .debug_line    0x0001112a      0xb70 ./ThirdParty/FreeRTOS/portable/GCC/ARM_CM7/r0p1/port.o
 .debug_line    0x00011c9a      0xd0b ./ThirdParty/FreeRTOS/portable/MemMang/heap_4.o

.debug_str      0x00000000   0x100d2a
 .debug_str     0x00000000    0xf7f50 ./Core/Src/main.o
                              0xf8728 (size before relaxing)
 .debug_str     0x000f7f50       0x2c ./Core/Src/stm32f7xx_hal_msp.o
                              0xef774 (size before relaxing)
 .debug_str     0x000f7f7c      0x763 ./Core/Src/stm32f7xx_hal_timebase_tim.o
                              0xeffc6 (size before relaxing)
 .debug_str     0x000f86df       0xb9 ./Core/Src/stm32f7xx_it.o
                              0xefc4a (size before relaxing)
 .debug_str     0x000f8798     0x1fd6 ./Core/Src/syscalls.o
                               0x99b0 (size before relaxing)
 .debug_str     0x000fa76e      0x1a4 ./Core/Src/system_stm32f7xx.o
                              0xef405 (size before relaxing)
 .debug_str     0x000fa912       0x44 ./Core/Startup/startup_stm32f767zitx.o
                                 0x84 (size before relaxing)
 .debug_str     0x000fa956      0x408 ./Drivers/STM32F7xx_HAL_Driver/Src/stm32f7xx_hal.o
                              0xefe45 (size before relaxing)
 .debug_str     0x000fad5e      0x330 ./Drivers/STM32F7xx_HAL_Driver/Src/stm32f7xx_hal_cortex.o
                              0xefdf5 (size before relaxing)
 .debug_str     0x000fb08e      0x11a ./Drivers/STM32F7xx_HAL_Driver/Src/stm32f7xx_hal_gpio.o
                              0xef4c3 (size before relaxing)
 .debug_str     0x000fb1a8      0x22a ./Drivers/STM32F7xx_HAL_Driver/Src/stm32f7xx_hal_rcc.o
                              0xef780 (size before relaxing)
 .debug_str     0x000fb3d2      0xea6 ./Drivers/STM32F7xx_HAL_Driver/Src/stm32f7xx_hal_tim.o
                              0xf0718 (size before relaxing)
 .debug_str     0x000fc278      0x5ff ./Drivers/STM32F7xx_HAL_Driver/Src/stm32f7xx_hal_tim_ex.o
                              0xf002e (size before relaxing)
 .debug_str     0x000fc877      0x183 ./ThirdParty/FreeRTOS/list.o
                              0xf61f2 (size before relaxing)
 .debug_str     0x000fc9fa     0x14f5 ./ThirdParty/FreeRTOS/queue.o
                              0xf89ec (size before relaxing)
 .debug_str     0x000fdeef     0x1b10 ./ThirdParty/FreeRTOS/tasks.o
                              0xf9976 (size before relaxing)
 .debug_str     0x000ff9ff      0x5fe ./ThirdParty/FreeRTOS/timers.o
                              0xf8b2b (size before relaxing)
 .debug_str     0x000ffffd      0x756 ./ThirdParty/FreeRTOS/portable/GCC/ARM_CM7/r0p1/port.o
                              0xf49d3 (size before relaxing)
 .debug_str     0x00100753      0x5d7 ./ThirdParty/FreeRTOS/portable/MemMang/heap_4.o
                              0xf7a1c (size before relaxing)

.comment        0x00000000       0x43
 .comment       0x00000000       0x43 ./Core/Src/main.o
                                 0x44 (size before relaxing)
 .comment       0x00000043       0x44 ./Core/Src/stm32f7xx_hal_msp.o
 .comment       0x00000043       0x44 ./Core/Src/stm32f7xx_hal_timebase_tim.o
 .comment       0x00000043       0x44 ./Core/Src/stm32f7xx_it.o
 .comment       0x00000043       0x44 ./Core/Src/syscalls.o
 .comment       0x00000043       0x44 ./Core/Src/system_stm32f7xx.o
 .comment       0x00000043       0x44 ./Drivers/STM32F7xx_HAL_Driver/Src/stm32f7xx_hal.o
 .comment       0x00000043       0x44 ./Drivers/STM32F7xx_HAL_Driver/Src/stm32f7xx_hal_cortex.o
 .comment       0x00000043       0x44 ./Drivers/STM32F7xx_HAL_Driver/Src/stm32f7xx_hal_gpio.o
 .comment       0x00000043       0x44 ./Drivers/STM32F7xx_HAL_Driver/Src/stm32f7xx_hal_rcc.o
 .comment       0x00000043       0x44 ./Drivers/STM32F7xx_HAL_Driver/Src/stm32f7xx_hal_tim.o
 .comment       0x00000043       0x44 ./Drivers/STM32F7xx_HAL_Driver/Src/stm32f7xx_hal_tim_ex.o
 .comment       0x00000043       0x44 ./ThirdParty/FreeRTOS/list.o
 .comment       0x00000043       0x44 ./ThirdParty/FreeRTOS/queue.o
 .comment       0x00000043       0x44 ./ThirdParty/FreeRTOS/tasks.o